# 脚本: 01_build_depth_wbdta
# 运行时间: 2026-09-23 08:34:20
# Python: 3.11.15
----------------------------------------------------------------------
协定编码表：393 行，52 个政策领域（应为 52）

[注意] 以下 WBID 在编码表中重复出现（同一协定挂了两个 WTO 编号）：
 WBID RTAID      Agreement
   23   129 EFTA - Türkiye
   23  1176 EFTA - Türkiye
        各领域编码是否完全相同：是，合并无影响

单个协定的边境后深度 (LE==2, 0~12) 分布：
count    390.00
mean       5.25
std        3.41
min        0.00
25%        2.00
50%        6.00
75%        8.00
max       12.00

双边表：294,165 行，年份 1958–2023，211 个经济体，398 个协定
[注意] 删除 216 行无生效年份的记录（未生效协定），涉及 WBID：[397]

[注意] 9 个协定在双边表中有、但没有内容编码；它们只计入 n_pta，不计入深度。其最早生效年份：{364: 2021, 375: 2021, 379: 2021, 382: 2021, 392: 2021, 393: 2021, 398: 2022, 399: 2023, 400: 2023}
        （这些协定均在阶段 A 的 1995–2020 窗口之后或末尾，对主图影响有限，见下方核对）
        其中在 2020 年及以前生效的：无

已保存 data/clean/depth_wbdta_cy.csv：13,926 行，211 个经济体

重点国家 D_bb_le（0~12）在几个年份的取值：
year  1990  1995  2000  2005  2010  2015  2020
ISO3                                          
CHN      0     0     0     4    10    11    11
MAR      0     0     6     6    12    12    12
MEX      2    12    12    12    12    12    12
POL      0     0     0    12    12    12    12
TUR      0     6     9    10    10    10    12
VNM      0     0     4     4    10    10    11

同上，n_pta（协定个数）：
year  1990  1995  2000  2005  2010  2015  2020
ISO3                                          
CHN      0     0     0     5    10    15    16
MAR      1     1     4     5     8     8     9
MEX      6     8    12    17    18    21    24
POL      0     0     0    23    29    36    49
TUR      1     3     6     9    16    21    24
VNM      1     2     3     4     9    10    14

各指标间相关系数（2010 年横截面）：
          D_bb_le  D_bb_ac  D_all_le  D_max_bb  n_pta
D_bb_le      1.00     0.96      0.84      0.96   0.61
D_bb_ac      0.96     1.00      0.78      0.91   0.56
D_all_le     0.84     0.78      1.00      0.86   0.89
D_max_bb     0.96     0.91      0.86      1.00   0.66
n_pta        0.61     0.56      0.89      0.66   1.00
