# 脚本: 02_build_depth_desta
# 运行时间: 2026-09-23 08:34:39
# Python: 3.11.15
----------------------------------------------------------------------
指数表：692 个协定版本有内容编码
国家对表：20,569 行，905 个母协定
退出表：1,650 行

有内容编码的国家对记录占比：75.8%
删除无生效年份记录 2,138 行（签署未生效）
有退出记录的国家对-协定：416 行

国家码：204 个，无法识别 0 个：[]

已保存 data/clean/depth_desta_cy.csv：15,504 行，204 个国家/地区

重点国家 D_desta_bb（0~6）：
year  1990  1995  2000  2005  2010  2015  2020
ISO3                                          
CHN      0     0     0     3     4     5     5
MAR      1     1     5     5     6     6     6
MEX      0     6     6     6     6     6     6
POL      0     6     6     6     6     6     6
TUR      1     3     5     6     6     6     6
VNM      0     0     0     4     5     5     6

重点国家 生效协定中「未编码」协定个数（这些被当作深度 0）：
year  1990  1995  2000  2005  2010  2015  2020
ISO3                                          
CHN      0     0     0     2     2     2     2
MAR      0     0     1     1     1     1     2
MEX      1     2     2     3     3     4     6
POL      0     0     0     1     2     3     4
TUR      0     0     0     0     0     0     3
VNM      0     0     0     0     0     0     3

1995–2020 国家-年度中，至少有一个生效协定未被编码的比例：42.5%
（这些协定按 0 处理；若它们其实有边境后条款，则深度被低估。并集法下，只有当该国其他协定都没覆盖某领域时，低估才会实际发生。）
