# 脚本: 04_fig01_puzzle
# 运行时间: 2026-09-23 08:34:42
# Python: 3.11.15
----------------------------------------------------------------------
样本：122 个发展中国家

主横轴取值分布（四舍五入到 0.5）：
D_desta_bb_mean
0.0     1
0.5     3
1.0     6
1.5     2
2.0     8
2.5     4
3.0    10
3.5     6
4.0    43
4.5    10
5.0     7
5.5     9
6.0    13

===== 主设定 =====
N=122, 斜率=-3.93 (稳健SE 3.58, p=0.272), R²=0.012, Spearman ρ=-0.08
全样本 IQR=56.5；深度最高组 IQR / 全样本 IQR = 0.77
                  n   中位数   IQR     最小     最大       深度范围
D_desta_bb_mean                                         
低                41  40.9  87.5  -96.7  156.8  0.00–3.88
中                40  -4.5  45.2  -63.1   84.2  3.96–4.04
高                41  19.8  43.3 -151.2   91.5  4.04–6.00
判定：谜题成立

控制 ln(1995 年相对收入) 后：深度系数=-4.21 (SE 3.58, p=0.240)，深度的偏 R²=0.015

残差最大的 8 个国家（高于拟合线）：
ISO3                country  D_desta_bb_mean  conv  resid
 CHN                  China              2.9 156.8  135.3
 MMR                Myanmar              2.5 146.3  123.3
 BIH Bosnia and Herzegovina              3.0 133.4  112.4
 GEO                Georgia              3.3 115.4   95.8
 AZE             Azerbaijan              2.0 117.0   91.9
 ARM                Armenia              1.6 111.1   84.5
 LTU              Lithuania              5.8  91.5   81.4
 KHM               Cambodia              2.5  97.6   74.7

残差最小的 8 个国家（低于拟合线）：
ISO3               country  D_desta_bb_mean   conv  resid
 VEN             Venezuela              5.4 -151.2 -162.7
 YEM                 Yemen              0.9  -96.7 -126.1
 LBY                 Libya              2.9  -93.0 -114.5
 SYR                 Syria              1.6  -82.8 -109.2
 PRK           North Korea              0.0  -47.8  -80.6
 ZWE              Zimbabwe              4.0  -63.1  -80.2
 GAB                 Gabon              4.0  -62.0  -79.1
 COG Republic of the Congo              4.0  -54.8  -71.9

重点国家残差及排名（1 = 最大正残差）：
ISO3  D_desta_bb_mean  conv  resid  resid_rank
 CHN              2.9 156.8  135.3           1
 MAR              5.0  24.6   11.3          50
 MEX              6.0 -16.6  -25.8          86
 POL              6.0  60.2   51.0          17
 TUR              5.5  41.4   30.2          33
 VNM              3.6  92.5   73.8           9

===== 稳健性 =====
                             深度指标        窗口   N     斜率  稳健SE    p值    R2  Spearman  高深度组IQR比   判定
           DESTA 边境后领域数，窗口均值（主设定） 1995–2020 122 -3.930 3.581 0.272 0.012    -0.077     0.767 谜题成立
           DESTA 边境后领域数，窗口均值（主设定） 1995–2019 122 -3.253 3.473 0.349 0.009    -0.070     0.658 谜题成立
         DESTA 单协定最大深度指数 0–7，窗口均值 1995–2020 122  2.008 2.548 0.431 0.004     0.060     0.824 谜题成立
         DESTA 单协定最大深度指数 0–7，窗口均值 1995–2019 122  2.460 2.442 0.314 0.006     0.076     0.751 谜题成立
            DESTA 边境后领域数，2020 终点值 1995–2020 122  4.473 3.207 0.163 0.018     0.198     0.712 谜题成立
            DESTA 边境后领域数，2020 终点值 1995–2019 122  5.191 3.126 0.097 0.027     0.220     0.728 谜题成立
  世行 DTA 12 个边境后领域（有法律约束力），窗口均值 * 1995–2020 122  4.545 1.462 0.002 0.077     0.280     0.742 谜题成立
  世行 DTA 12 个边境后领域（有法律约束力），窗口均值 * 1995–2019 122  4.558 1.398 0.001 0.083     0.288     0.762 谜题成立
世行 DTA 12 个边境后领域（有法律约束力），2020 终点值 1995–2020 122  4.711 1.251 0.000 0.118     0.300     0.524   模糊
世行 DTA 12 个边境后领域（有法律约束力），2020 终点值 1995–2019 122  4.757 1.186 0.000 0.129     0.315     0.513   模糊
 世行 DTA 全部 52 领域（有法律约束力），2020 终点值 1995–2020 122  1.467 0.357 0.000 0.113     0.340     0.887 谜题成立
 世行 DTA 全部 52 领域（有法律约束力），2020 终点值 1995–2019 122  1.449 0.340 0.000 0.117     0.353     0.781 谜题成立
   对照：生效协定个数（Aizenman 式数量测量），窗口均值 1995–2020 122  0.081 0.535 0.880 0.000    -0.028     0.801 谜题成立
   对照：生效协定个数（Aizenman 式数量测量），窗口均值 1995–2019 122  0.117 0.508 0.818 0.000    -0.029     0.762 谜题成立

已保存 output/figures/fig01_puzzle.png
已保存 output/figures/fig01b_puzzle_robustness.png
已保存 output/tables/tabA_puzzle_diagnostics.md
