# 脚本: 06_build_panel_aizenman
# 运行时间: 2026-09-23 09:28:49
# Python: 3.11.15
----------------------------------------------------------------------
本币 vs 美元实际 GDP 增长率之差：中位数 1.73e-07，最大 0.0085

GMD 中有、Larch 中完全没有的国家代码（22 个）：['ASM', 'DDR', 'GGY', 'GIB', 'GLP', 'GUF', 'GUM', 'IMN', 'JEY', 'MCO', 'MNP', 'MTQ', 'PLW', 'PRI', 'REU', 'STP', 'SUN', 'TLS', 'VAT', 'VIR', 'XKX', 'YMD']

样本限制后：9,183 行，157 个国家

通胀定义判定（回归样本上）：
  inf_log    N=7,755  均值=0.13  标准差=0.33  P10=0.01  中位数=0.05  P90=0.24  最小=-0.57  最大=6.48  与原文绝对差之和=3.35
  inf_simple N=7,755  均值=0.46  标准差=8.84  P10=0.01  中位数=0.05  P90=0.27  最小=-0.43  最大=653.74  与原文绝对差之和=659.58
  原文        均值=0.12  标准差=0.25  P10=0.01  中位数=0.06  P90=0.26  最小=-0.71  最大=3.39
  => 采用 inf_log（与原文分布最接近）
已保存 data/clean/panel_aizenman.csv

自然样本（因变量与 7 个滞后变量均不缺失）：N = 7,755，国家数 = 149
对齐样本（仅原文附录 A 的 143 国）：N = 7,580，国家数 = 143
以下对表均基于对齐样本。

与原文 Table 1 对表（均值、标准差）：
   变量 统计量      原文      本复刻     偏差 通过
    g  均值    0.04    0.034 -0.006  ✓
    g 标准差    0.07    0.061 -0.009  ✓
  lny  均值   10.75   10.642  -1.0%  ✓
  lny 标准差    2.17    2.906 +33.9%  ✗
  inv  均值    0.23    0.233  +1.3%  ✓
  inv 标准差    0.09    0.095 +0.005  ✓
lnpop  均值    2.66    2.655  -0.2%  ✓
lnpop 标准差    1.28    1.266  -1.1%  ✓
 popg  均值    0.02    0.017 -0.003  ✓
 popg 标准差    0.01    0.015 +0.005  ✓
  inf  均值    0.12    0.129  +7.1%  ✓
  inf 标准差    0.25    0.332 +32.9%  ✗
  eia  均值    2.54    1.921 -24.4%  ✗
  eia 标准差    7.86    4.503 -42.7%  ✗
    N 观测数 7263.00 7580.000  +4.4%  ✓

全部分位数并排（上：原文；下：本复刻）：
  g      原文     0.04     0.07    -0.01     0.04     0.09    -0.64     2.30
         复刻     0.03     0.06    -0.02     0.04     0.09    -1.02     0.72
  lny    原文    10.75     2.17     8.23    10.73    13.45     1.22    16.90
         复刻    10.64     2.91     8.30    10.72    13.45   -12.60    16.94
  inv    原文     0.23     0.09     0.12     0.22     0.34    -0.13     0.88
         复刻     0.23     0.09     0.13     0.23     0.34    -0.22     1.11
  lnpop  原文     2.66     1.28     1.16     2.39     4.36     0.69     7.27
         复刻     2.65     1.27     1.16     2.40     4.35     0.69     7.25
  popg   原文     0.02     0.01     0.00     0.02     0.03    -0.18     0.17
         复刻     0.02     0.01     0.00     0.02     0.03    -0.18     0.21
  inf    原文     0.12     0.25     0.01     0.06     0.26    -0.71     3.39
         复刻     0.13     0.33     0.01     0.05     0.24    -0.57     6.48
  eia    原文     2.54     7.86     0.00     0.00     9.00     0.00    32.00
         复刻     1.92     4.50     0.00     0.00     8.00     0.00    24.00

极端值排查（原文 Table 1 的最小/最大值提示了哪些观测在样本中）：
  g: 最小 [['IRQ', 1991, -1.02], ['LBN', 1976, -0.84]]；最大 [['LBR', 1997, 0.72], ['LBY', 2012, 0.63]]
  lny: 最小 [['VEN', 1960, -12.6], ['VEN', 1961, -12.57]]；最大 [['USA', 2024, 16.94], ['USA', 2023, 16.91]]
  inf: 最小 [['AFG', 2001, -0.57], ['IRQ', 1981, -0.32]]；最大 [['VEN', 2018, 6.48], ['COD', 1994, 5.48]]
  inv: 最小 [['VEN', 2018, -0.22], ['ERI', 2024, -0.19]]；最大 [['URY', 1967, 1.11], ['URY', 1961, 1.02]]
  popg: 最小 [['RWA', 1995, -0.18], ['RWA', 1994, -0.16]]；最大 [['PNG', 2021, 0.21], ['RWA', 1996, 0.17]]

替代 EIA 定义（累计加入过）：均值=2.53  标准差=6.37  P10=0.00  中位数=0.00  P90=11.00  最小=0.00  最大=52.00

已保存 output/tables/tab01a_table1_check.md
