# 脚本: 07_replicate_table2
# 运行时间: 2026-09-23 09:28:52
# Python: 3.11.15
----------------------------------------------------------------------
(A) 自然样本：N = 7,755，国家数 = 149
    与附录 A 共同 143 国；原文有而本样本无：[]；本样本有而原文无：['CUB', 'OMN', 'PRI', 'PSE', 'SRB', 'SSD']
(B) 对齐样本：N = 7,580，国家数 = 143

对齐样本各年代观测数：
year
1960     785
1970    1005
1980    1087
1990    1269
2000    1345
2010    1388
2020     701

===== 样本 (A)：第(2)列 TWFE + 聚类 SE =====
                             Parameter Estimates                              
==============================================================================
            Parameter  Std. Err.     T-stat    P-value    Lower CI    Upper CI
------------------------------------------------------------------------------
L_g            0.1621     0.0632     2.5636     0.0104      0.0381      0.2860
L_lny         -0.0330     0.0054    -6.1165     0.0000     -0.0436     -0.0224
L_inv          0.0743     0.0215     3.4480     0.0006      0.0320      0.1165
L_lnpop        0.0170     0.0074     2.3079     0.0210      0.0026      0.0315
L_popg         0.0436     0.1595     0.2732     0.7847     -0.2692      0.3563
L_inf         -0.0181     0.0076    -2.3641     0.0181     -0.0330     -0.0031
L_eia      -9.342e-05     0.0003    -0.2826     0.7775     -0.0007      0.0006
==============================================================================
===== 样本 (A)：第(3)列 DK SE =====
                             Parameter Estimates                              
==============================================================================
            Parameter  Std. Err.     T-stat    P-value    Lower CI    Upper CI
------------------------------------------------------------------------------
L_g            0.1621     0.0425     3.8171     0.0001      0.0788      0.2453
L_lny         -0.0330     0.0068    -4.8356     0.0000     -0.0464     -0.0196
L_inv          0.0743     0.0169     4.4067     0.0000      0.0412      0.1073
L_lnpop        0.0170     0.0063     2.7083     0.0068      0.0047      0.0294
L_popg         0.0436     0.1553     0.2806     0.7790     -0.2609      0.3481
L_inf         -0.0181     0.0048    -3.7516     0.0002     -0.0275     -0.0086
L_eia      -9.342e-05     0.0004    -0.2452     0.8063     -0.0008      0.0007
==============================================================================
  [通过] 符号一致 ≥ 6/7（实际 7/7）
  [通过] 收敛项、投资、通胀均显著 (p<0.10)
  [未通过] N 误差 ±5% 以内（实际 7,755，+7.1%）
  [通过] 第(2)(3)列点估计完全一致（最大差 0.0e+00）

===== 样本 (B)：第(2)列 TWFE + 聚类 SE =====
                             Parameter Estimates                              
==============================================================================
            Parameter  Std. Err.     T-stat    P-value    Lower CI    Upper CI
------------------------------------------------------------------------------
L_g            0.1526     0.0646     2.3637     0.0181      0.0260      0.2792
L_lny         -0.0333     0.0054    -6.1185     0.0000     -0.0440     -0.0227
L_inv          0.0723     0.0213     3.4029     0.0007      0.0307      0.1140
L_lnpop        0.0170     0.0076     2.2523     0.0243      0.0022      0.0319
L_popg         0.0498     0.1666     0.2990     0.7649     -0.2768      0.3764
L_inf         -0.0274     0.0059    -4.6389     0.0000     -0.0390     -0.0158
L_eia         -0.0002     0.0003    -0.5598     0.5756     -0.0008      0.0005
==============================================================================
===== 样本 (B)：第(3)列 DK SE =====
                             Parameter Estimates                              
==============================================================================
            Parameter  Std. Err.     T-stat    P-value    Lower CI    Upper CI
------------------------------------------------------------------------------
L_g            0.1526     0.0378     4.0429     0.0001      0.0786      0.2266
L_lny         -0.0333     0.0070    -4.7958     0.0000     -0.0470     -0.0197
L_inv          0.0723     0.0167     4.3184     0.0000      0.0395      0.1052
L_lnpop        0.0170     0.0062     2.7569     0.0059      0.0049      0.0291
L_popg         0.0498     0.1714     0.2907     0.7713     -0.2861      0.3857
L_inf         -0.0274     0.0037    -7.3600     0.0000     -0.0347     -0.0201
L_eia         -0.0002     0.0004    -0.4871     0.6262     -0.0009      0.0006
==============================================================================
  [通过] 符号一致 ≥ 6/7（实际 7/7）
  [通过] 收敛项、投资、通胀均显著 (p<0.10)
  [通过] N 误差 ±5% 以内（实际 7,580，+4.7%）
  [通过] 第(2)(3)列点估计完全一致（最大差 0.0e+00）

===== 第(1)列替代：半面板刀切法（对齐样本） =====
            全样本     前半段     后半段    偏差校正
L_g      0.1526  0.1455  0.0755  0.1948
L_lny   -0.0333 -0.0765 -0.0475 -0.0047
L_inv    0.0723  0.0899  0.0621  0.0686
L_lnpop  0.0170  0.0031  0.0433  0.0108
L_popg   0.0498 -0.1769  0.0728  0.1517
L_inf   -0.0274 -0.0253 -0.0315 -0.0264
L_eia   -0.0002 -0.0013  0.0010 -0.0002
有效自助样本 199 个

===== 稳健性（对齐样本，第(2)列） =====
                                    设定    N  国家数 L.g 增长持续性  L.lny 收敛项 L.inv 投资占比 L.lnpop ln人口 L.popg 人口增长   L.inf 通胀 L.eia EIA协定数
                              对齐样本（基准） 7580  143  0.1526** -0.0333***  0.0723***     0.0170**      0.0498 -0.0274***      -0.0002
                         EIA 改用「累计加入数」 7580  143  0.1522** -0.0335***  0.0724***      0.0135*      0.0594 -0.0272***      -0.0004
       剔除通胀 > 3.39 的观测（原文 Table 1 最大值） 7560  143  0.1477** -0.0336***  0.0715***     0.0175**      0.0319 -0.0321***      -0.0002
剔除增长率绝对值 > 0.64 的观测（原文 Table 1 最小值绝对值） 7569  143 0.2305*** -0.0270***  0.0504***    0.0174***      0.1743 -0.0243***      -0.0001
           通胀改用简单增长率 CPI_t/CPI_t-1 − 1 7580  143 0.1761*** -0.0312***  0.0708***       0.0106      0.0659 -0.0005***      -0.0004
                通胀用简单增长率，并在 99.5% 分位缩尾 7580  143  0.1567** -0.0324***  0.0750***     0.0153**      0.0621 -0.0067***      -0.0002
                           样本截止 2023 年 7440  143  0.1496** -0.0344***  0.0738***     0.0171**      0.0520 -0.0274***      -0.0002
                           样本截止 2022 年 7300  143  0.1514** -0.0350***  0.0737***     0.0181**      0.0693 -0.0269***      -0.0001

已保存 output/tables/tab01_replication.md
已保存对齐样本名单 data/clean/table2_sample_aligned.csv
