# 脚本: 08_build_D
# 运行时间: 2026-09-23 15:06:56
# Python: 3.11.15
----------------------------------------------------------------------
排除欧共体-ACP 非对等优惠安排：['Cotonou Agreement', 'Cotonou Agreement Bulgaria Rom', 'Cotonou Agreement Croatia acce', 'Cotonou Agreement Cyprus Czech', 'Lome I', 'Lome II', 'Lome III', 'Lome IV', 'Yaounde I', 'Yaounde II']
DESTA：936 个已生效的协定版本（746 个母协定）
世行 DTA：388 个有内容编码的协定

对接：329 / 388 个世行协定在 DESTA 中找到对应（Jaccard ≥ 0.75）
  其中成员完全相同（Jaccard = 1）：290

DESTA 协定版本的内容来源：
source
DESTA      440
WB         316
uncoded    107
WB-母协定      73

校准：两库共同编码的协定 272 个；DESTA 记为「有」的条款中，世行判有约束力的比例 = 0.83
按 DESTA 执行力 enforce 分组：
enforce    0.0   2.0    3.0   4.0    5.0    6.0     7.0     8.0    9.0
mean      0.51  0.67   0.76  0.67   0.74   0.72    0.82    0.88   0.92
size     63.00  3.00  58.00  6.00  31.00  25.00  113.00  481.00  90.00
=> 规则：DESTA 独有协定的条款，enforce ≥ 7 时计为有约束力（该档起条件概率 ≥ 0.8）
（参考：DESTA 记为「无」而世行判有约束力的比例 = 0.29，主要是世行把「重申 WTO 的 SPS/TBT 义务」也记为条款；主设定对 DESTA 独有协定一律按「无」处理，偏保守。）

世行独有（DESTA 未对上）的协定 59 个，按世行时间线补入

已保存 data/clean/D_cy.csv：16,264 行，214 个国家/地区，1948–2023

主设定 D（概率版）：
year  1990  1995  2000  2005  2010  2015  2020
ISO3                                          
CHN    0.0   0.0   0.0   4.0   5.0   6.0   6.0
GHA    0.0   2.8   2.8   2.8   2.8   2.8   3.0
KEN    2.6   3.9   4.0   4.0   4.0   4.0   4.0
MAR    0.8   0.8   4.6   4.6   6.0   6.0   6.0
MEX    1.0   6.0   6.0   6.0   6.0   6.0   6.0
POL    0.0   5.3   5.6   6.0   6.0   6.0   6.0
TUR    0.9   3.0   6.0   6.0   6.0   6.0   6.0
VNM    0.0   0.0   3.0   4.0   5.0   5.0   6.0

门槛版 D_strict：
year  1990  1995  2000  2005  2010  2015  2020
ISO3                                          
CHN    0.0   0.0   0.0   4.0   5.0   6.0   6.0
GHA    0.0   2.0   2.0   2.0   2.0   2.0   3.0
KEN    0.0   3.0   3.0   3.0   3.0   3.0   4.0
MAR    0.0   0.0   3.0   3.0   6.0   6.0   6.0
MEX    1.0   6.0   6.0   6.0   6.0   6.0   6.0
POL    0.0   0.0   0.0   6.0   6.0   6.0   6.0
TUR    0.0   3.0   6.0   6.0   6.0   6.0   6.0
VNM    0.0   0.0   3.0   3.0   5.0   5.0   6.0

宽松版 D_loose：
year  1990  1995  2000  2005  2010  2015  2020
ISO3                                          
CHN    0.0   0.0   0.0   4.0   5.0   6.0   6.0
GHA    0.0   3.0   3.0   3.0   3.0   3.0   3.0
KEN    3.0   4.0   4.0   4.0   4.0   4.0   4.0
MAR    1.0   1.0   5.0   5.0   6.0   6.0   6.0
MEX    1.0   6.0   6.0   6.0   6.0   6.0   6.0
POL    0.0   6.0   6.0   6.0   6.0   6.0   6.0
TUR    1.0   3.0   6.0   6.0   6.0   6.0   6.0
VNM    0.0   0.0   3.0   5.0   5.0   5.0   6.0

只用世行 D_wbonly：
year  1990  1995  2000  2005  2010  2015  2020
ISO3                                          
CHN    0.0   0.0   0.0   4.0   5.0   6.0   6.0
GHA    0.0   2.0   2.0   2.0   2.0   2.0   3.0
KEN    0.0   3.0   3.0   3.0   3.0   3.0   4.0
MAR    0.0   0.0   3.0   3.0   6.0   6.0   6.0
MEX    1.0   6.0   6.0   6.0   6.0   6.0   6.0
POL    0.0   0.0   0.0   6.0   6.0   6.0   6.0
TUR    0.0   3.0   6.0   6.0   6.0   6.0   6.0
VNM    0.0   0.0   3.0   3.0   5.0   5.0   6.0

1995–2020、D>0 的国家-年度中，由世行编码核实的领域占比：均值 0.80
各指标相关系数（2005 年横截面）：
             D  D_strict  D_loose  D_wbonly
D         1.00      0.93     0.99      0.85
D_strict  0.93      1.00     0.90      0.92
D_loose   0.99      0.90     1.00      0.81
D_wbonly  0.85      0.92     0.81      1.00

已保存 output/tables/tabC1_D_construction.md
