# 脚本: 10_build_P_S
# 运行时间: 2026-09-23 11:35:51
# Python: 3.11.15
----------------------------------------------------------------------
OECD FDI RRI：85 国，年份 [1997, 2003, 2006, 2010, 2011, 2012, 2013, 2014, 2015, 2016, 2017, 2018, 2019, 2020]
KAOPEN：185 国，1970–2023
已保存 data/clean/P_cy.csv

2015 年重点国家 P：
      P_strat  P_manuf  P_select  P_total  P_screen   P_ka
ISO3                                                      
BRA     0.203    0.025     0.178    0.095     0.010  0.838
CHN     0.664    0.210     0.454    0.395     0.114  0.838
IDN     0.480    0.159     0.321    0.390     0.000  0.582
IND     0.217    0.046     0.171    0.244     0.033  0.838
MAR     0.065    0.000     0.065    0.067     0.000  0.838
MEX     0.277    0.103     0.174    0.193     0.100  0.298
POL     0.094    0.000     0.094    0.072     0.000  0.298
TUR     0.117    0.000     0.117    0.059     0.000  0.554
USA     0.230    0.000     0.230    0.089     0.005  0.000
VNM     0.328    0.025     0.303    0.132     0.028  0.582

已保存 data/clean/S_country.csv（214 国）与 data/clean/S_cy.csv

序贯性（1990–2020）：S_sd 与总增幅的相关 = -0.9 ；S_jump 与总增幅的相关 = 0.27
      S_sd  S_jump  D_rise  D_1990  D_2020
ISO3                                      
BRA  -0.97    0.00    5.49    0.51     6.0
CHN  -0.74    0.33    6.00    0.00     6.0
IDN  -0.61    0.55    5.49    0.51     6.0
IND  -0.34    0.75    4.00    2.00     6.0
MAR  -0.64    0.36    5.24    0.76     6.0
MEX  -0.72    0.20    5.00    1.00     6.0
POL  -0.60    0.48    6.00    0.00     6.0
TUR  -0.52    0.59    5.06    0.94     6.0
USA  -0.03     NaN    0.18    5.82     6.0
VNM  -0.58    0.50    6.00    0.00     6.0
已保存 output/tables/tabC34_P_S.md
