# 脚本: 11_build_panel_main
# 运行时间: 2026-09-23 11:38:31
# Python: 3.11.15
----------------------------------------------------------------------
基础面板：9,183 行，157 国
已保存 data/clean/panel_main.csv：9,183 行，157 国
从未出现在协定数据中、深度记 0 的国家：['CSK', 'DDR', 'PRI', 'SUN', 'YMD']
核对 L_D（应等于上一年 D）：
ISO3  year    D  L_D
 CHN  1996 0.00 0.00
 CHN  2006 5.00 4.00
 CHN  2016 6.00 6.00
 MEX  1996 6.00 6.00
 MEX  2006 6.00 6.00
 MEX  2016 6.00 6.00
 POL  1996 5.27 5.27
 POL  2006 6.00 6.00
 POL  2016 6.00 6.00
发展中国家（1995 非高收入）：122 国；大宗商品依赖国：67 国

发展中国家 1990–2023 年滞后变量的覆盖：
            观测数  国家数   起始年   结束年
D          3960  122  1990  2023
C_reform   1556  114  2007  2020
C_bti      2150  118  2005  2023
P_select    700   53  1998  2021
P_ka       3509  116  1990  2023
S_jump_10  1848  115  1990  2023
statecap   3826  120  1990  2023
hc         3572  119  1991  2023
