# 脚本: 12_main_regressions
# 运行时间: 2026-09-23 11:40:23
# Python: 3.11.15
----------------------------------------------------------------------
zD = (L_D − 3.461) / 2.101
zC = (L_C_reform − 1.115) / 0.931
zP = (L_P_select − 0.170) / 0.142
zS = (L_S_jump_10 − 0.178) / 0.208
zDinv = (L_D_investments − 0.729) / 0.423

H1（最大样本 1990–2023，含全部控制）：zD = 0.0044（SE 0.0030，p = 0.140），N = 3465
H1（只含 Aizenman 控制，样本更大）：zD = 0.0049（p = 0.095），N = 3744

A 组（C 可得样本）：
         变量                 (1) 基准                 (2) +D               (3) +D,C               (4) +D×C
     D 承诺深度                           -0.0085<br>(0.0076)    -0.0083<br>(0.0076)    -0.0084<br>(0.0076)
     C 转化能力                                                   0.0014<br>(0.0015)     0.0021<br>(0.0026)
      D × C                                                                         -0.0010<br>(0.0029)
       L.增长    -0.0153<br>(0.1432)    -0.0174<br>(0.1438)    -0.0165<br>(0.1438)    -0.0168<br>(0.1439)
  L.ln实际GDP -0.1229***<br>(0.0257) -0.1196***<br>(0.0259) -0.1212***<br>(0.0259) -0.1209***<br>(0.0261)
      L.投资率  0.0990***<br>(0.0365)  0.0966***<br>(0.0364)  0.0956***<br>(0.0363)  0.0946***<br>(0.0361)
     L.ln人口     0.0167<br>(0.0251)     0.0145<br>(0.0246)     0.0151<br>(0.0245)     0.0128<br>(0.0253)
     L.人口增长     0.3076<br>(0.2590)     0.3125<br>(0.2592)     0.3223<br>(0.2572)     0.3224<br>(0.2587)
       L.通胀 -0.0684***<br>(0.0085) -0.0676***<br>(0.0084) -0.0675***<br>(0.0084) -0.0677***<br>(0.0084)
     L.国家能力     0.0220<br>(0.0175)     0.0200<br>(0.0174)     0.0200<br>(0.0174)     0.0196<br>(0.0176)
     L.人力资本    -0.0376<br>(0.0276)    -0.0362<br>(0.0270)    -0.0361<br>(0.0269)    -0.0360<br>(0.0269)
          N                  1,514                  1,514                  1,514                  1,514
        国家数                    111                    111                    111                    111
R²（去除双向FE后）                  0.103                  0.104                  0.105                  0.105
        AIC                -4821.0                -4821.0                -4819.7                -4817.9
        BIC                -4118.4                -4113.1                -4106.5                -4099.4

H4 组（序贯性）：
          变量             (1) S_jump       (2) S_jump + D×S         (3) S_sd + 总增幅
      D 承诺深度     0.0054<br>(0.0049)     0.0058<br>(0.0046)     0.0034<br>(0.0040)
       S 序贯性   0.0043**<br>(0.0020)  0.0059***<br>(0.0022)                       
       D × S                          -0.0039*<br>(0.0023)                       
S_sd（−SD 口径）                                                   0.0050<br>(0.0038)
  10 年内深度总增幅                                                   0.0055<br>(0.0044)
        L.增长     0.0926<br>(0.1150)     0.0932<br>(0.1146)     0.0923<br>(0.0999)
   L.ln实际GDP -0.1079***<br>(0.0239) -0.1088***<br>(0.0241) -0.0808***<br>(0.0134)
       L.投资率     0.0819<br>(0.0542)     0.0867<br>(0.0553)  0.0943***<br>(0.0303)
      L.ln人口     0.0108<br>(0.0243)     0.0096<br>(0.0243)     0.0163<br>(0.0132)
      L.人口增长    -0.0814<br>(0.2272)    -0.0836<br>(0.2266)     0.1689<br>(0.2687)
        L.通胀 -0.0373***<br>(0.0124) -0.0373***<br>(0.0124) -0.0290***<br>(0.0090)
      L.国家能力  0.0444***<br>(0.0120)  0.0441***<br>(0.0120)   0.0213**<br>(0.0083)
      L.人力资本    -0.0424<br>(0.0276)   -0.0454*<br>(0.0271)   -0.0256*<br>(0.0155)
           N                  1,677                  1,677                  3,465
         国家数                    110                    110                    117
 R²（去除双向FE后）                  0.125                  0.127                  0.099
         AIC                -4624.1                -4625.1                -9756.3
         BIC                -3799.5                -3795.1                -8772.2

B 组（P 可得样本）：
         变量                 (1) 基准                 (2) +D               (3) +D,C             (4) +D,C,P              (5) +全部交互
     D 承诺深度                           0.0103*<br>(0.0057)    0.0107*<br>(0.0056)   0.0108**<br>(0.0054)   0.0129**<br>(0.0056)
     C 转化能力                                                   0.0017<br>(0.0019)     0.0015<br>(0.0021)     0.0110<br>(0.0102)
     P 政策空间                                                                         -0.0043<br>(0.0075)    -0.0062<br>(0.0118)
      D × C                                                                                                -0.0088<br>(0.0090)
      D × P                                                                                                 0.0022<br>(0.0057)
       L.增长  0.3267***<br>(0.0768)  0.3226***<br>(0.0763)  0.3254***<br>(0.0763)  0.3231***<br>(0.0778)  0.3143***<br>(0.0780)
  L.ln实际GDP -0.0702***<br>(0.0189) -0.0793***<br>(0.0206) -0.0842***<br>(0.0220) -0.0853***<br>(0.0222) -0.0902***<br>(0.0225)
      L.投资率     0.0275<br>(0.0604)     0.0455<br>(0.0653)     0.0470<br>(0.0646)     0.0508<br>(0.0665)     0.0575<br>(0.0749)
     L.ln人口   -0.0877*<br>(0.0449)  -0.1013**<br>(0.0499)  -0.0976**<br>(0.0496)  -0.1008**<br>(0.0507)  -0.1078**<br>(0.0504)
     L.人口增长 -0.3983***<br>(0.1384) -0.3974***<br>(0.1367)  -0.3509**<br>(0.1377)  -0.3295**<br>(0.1344)  -0.3236**<br>(0.1447)
       L.通胀    -0.0488<br>(0.0750)    -0.0448<br>(0.0740)    -0.0433<br>(0.0729)    -0.0432<br>(0.0730)    -0.0462<br>(0.0725)
     L.国家能力     0.0086<br>(0.0227)     0.0085<br>(0.0232)     0.0112<br>(0.0244)     0.0106<br>(0.0250)     0.0074<br>(0.0255)
     L.人力资本     0.0169<br>(0.0345)     0.0282<br>(0.0364)     0.0312<br>(0.0365)     0.0319<br>(0.0368)     0.0392<br>(0.0378)
          N                    452                    452                    452                    452                    452
        国家数                     51                     51                     51                     51                     51
R²（去除双向FE后）                  0.197                  0.202                  0.204                  0.204                  0.211
        AIC                -2005.7                -2006.3                -2005.5                -2003.9                -2003.9
        BIC                -1709.5                -1706.0                -1701.1                -1695.4                -1687.1

Y1 转化（因变量 KAOPEN，0–1）：
         变量              (1) D_投资                (2) +C              (3) +D×C
     D_投资领域   -0.0008<br>(0.0098)    0.0000<br>(0.0101)    0.0000<br>(0.0102)
     C 转化能力                          0.0075<br>(0.0088)    0.0050<br>(0.0095)
   D_投资 × C                                                0.0044<br>(0.0087)
  L.ln实际GDP  0.1456**<br>(0.0717)   0.1379*<br>(0.0725)   0.1400*<br>(0.0731)
     L.国家能力  -0.0820*<br>(0.0476)  -0.0818*<br>(0.0475)  -0.0834*<br>(0.0479)
     L.人力资本 -0.2863**<br>(0.1285) -0.2857**<br>(0.1283) -0.2872**<br>(0.1289)
          N                 1,485                 1,485                 1,485
        国家数                   109                   109                   109
R²（去除双向FE后）                 0.051                 0.053                 0.054
        AIC               -2537.6               -2539.9               -2538.4
        BIC               -1869.4               -1866.4               -1859.6

描述性：比率 Y1 按 C 三分位：
            count   mean    50%
L_C_reform                     
低C          464.0  0.438  0.163
中C          516.0  0.504  0.418
高C          402.0  0.460  0.418

已保存 output/figures/fig02_marginal.png
已保存 output/tables/tab02_main.md
