# 脚本: 13_heterogeneity_quantile_threshold
# 运行时间: 2026-09-23 11:49:27
# Python: 3.11.15
----------------------------------------------------------------------
D3 异质性：
  分组方式        组别      D系数     SE    N 国家数
转化能力 C   C 高于中位数  -0.0068 0.0056  779  57
转化能力 C   C 低于中位数  -0.0095 0.0134  735  54
转化能力 C 组间差异 D×分组   0.0127 0.0154 1514    
全球金融危机    ≤ 2008   0.0047 0.0037 1790 112
全球金融危机    ≥ 2009  -0.0107 0.0082 1675 115
全球金融危机 组间差异 D×分组 -0.0082* 0.0046 3465    
大宗商品依赖  依赖（≥60%）   0.0000 0.0063 1796  60
大宗商品依赖       非依赖  0.0057* 0.0030 1645  55
大宗商品依赖 组间差异 D×分组  -0.0065 0.0056 3441    

D4 MM-QR（全时段：D，自助 99 次）：
var      zD
tau        
0.1  0.0006
0.2  0.0021
0.3  0.0032
0.4  0.0039
0.5  0.0047
0.6  0.0053
0.7  0.0060
0.8  0.0068
0.9  0.0081

D4 MM-QR（C 可得样本：D、C、D×C，自助 99 次）：
var      zD   zDxzC
tau                
0.1 -0.0178  0.0022
0.2 -0.0143  0.0010
0.3 -0.0113 -0.0000
0.4 -0.0095 -0.0006
0.5 -0.0075 -0.0013
0.6 -0.0059 -0.0019
0.7 -0.0042 -0.0025
0.8 -0.0022 -0.0032
0.9  0.0010 -0.0043

D5 门限变量 = C（转化能力，原始单位）：γ = 0.060（10% 的观测在门限下方），F = 3.06，自助 p = 0.588；D 系数：门限下 0.0001，门限上 -0.0094

D5 门限变量 = D（承诺深度，0–6）：γ = 2.517（27% 的观测在门限下方），F = 20.94，自助 p = 0.010；D 系数：门限下 0.0157，门限上 -0.0098

已保存 output/figures/fig03_quantile.png
已保存 output/tables/tab03_heterogeneity.md
