# 脚本: 14_robustness
# 运行时间: 2026-09-23 12:09:50
# Python: 3.11.15
----------------------------------------------------------------------
运行：基准
运行：E1 剔除中国
运行：E2 D → 门槛版 D_strict
运行：E2 D → 宽松版 D_loose
运行：E2 D → 只用世行 D_wbonly
运行：E2 C → BTI（学习+执行+协调）
运行：E2 C → BTI 政策学习单项
运行：E2 P → 全行业限制 P_total
运行：E2 P → 审查审批 P_screen
运行：E2 P → 资本账户 P_ka
运行：E2 S → −SD 口径（控制总增幅）
运行：剔除 DB 数据违规 4 国
运行：Driscoll-Kraay 标准误
运行：全样本（含高收入国家）
运行：加入 EIA 协定数（深度 vs 数量）
运行：不控制国家能力
检验                      H1 D  H2 D×C  H3 D×P    H4 S  Y1 D_投资×C
变体                                                             
基准                    0.0044 -0.0010  0.0062  0.0043     0.0044
E1 剔除中国               0.0036 -0.0014  0.0060  0.0043     0.0046
E2 D → 门槛版 D_strict   0.0018 -0.0008  0.0049  0.0047     0.0044
E2 D → 宽松版 D_loose    0.0053 -0.0015  0.0067  0.0040     0.0044
E2 D → 只用世行 D_wbonly  0.0035 -0.0018  0.0060  0.0047     0.0044
E2 C → BTI（学习+执行+协调）  0.0044  0.0003  0.0115  0.0043    -0.0029
E2 C → BTI 政策学习单项     0.0044  0.0014  0.0116  0.0043    -0.0008
E2 P → 全行业限制 P_total  0.0044 -0.0010  0.0050  0.0043     0.0044
E2 P → 审查审批 P_screen  0.0044 -0.0010 -0.0044  0.0043     0.0044
E2 P → 资本账户 P_ka      0.0044 -0.0010 -0.0012  0.0043     0.0044
E2 S → −SD 口径（控制总增幅）  0.0044 -0.0010  0.0062  0.0050     0.0044
剔除 DB 数据违规 4 国        0.0034 -0.0018  0.0062  0.0054     0.0041
Driscoll-Kraay 标准误    0.0044 -0.0010  0.0062  0.0043     0.0044
全样本（含高收入国家）           0.0050 -0.0016  0.0016  0.0040     0.0052
加入 EIA 协定数（深度 vs 数量）  0.0042 -0.0014  0.0057  0.0047     0.0044
不控制国家能力               0.0053 -0.0014  0.0064  0.0038     0.0022

各检验在变体中的表现：
       检验  变体数  显著为正  显著为负  不显著
     H1 D   16     3     0   13
   H2 D×C   16     0     0   16
   H3 D×P   16     3     0   13
     H4 S   16    15     0    1
Y1 D_投资×C   16     0     0   16

元证伪 (1)：
              设定    N              zC            zDxzC      L_statecap
   C 单独（不控制国家能力） 1514 0.0015 (p=0.32)                                 
    C 单独（控制国家能力） 1514 0.0015 (p=0.33)                  0.0219 (p=0.21)
D、C、D×C（不控制国家能力） 1514 0.0023 (p=0.35) -0.0014 (p=0.63)                
 D、C、D×C（控制国家能力） 1514 0.0021 (p=0.42) -0.0010 (p=0.72) 0.0196 (p=0.27)

元证伪 (2)：组间回归中中国的残差（排名 1 = 最大正残差）
         设定        年份  国家数  中国残差_年增长率 标准化残差       排名   R2
      仅控制变量 1990–2023  117 +1.70 个百分点  1.14 15 / 117 0.34
      H1：+D 1990–2023  117 +1.75 个百分点  1.17 14 / 117 0.34
H2：+D、C、D×C 2007–2020  111 +0.65 个百分点  0.39 40 / 111 0.55
    H4：+D、S 1990–2023  110 +0.03 个百分点  0.02 50 / 110 0.31

D 的非线性（原始单位 0–6）：
           口径         D        D平方 D平方p值 拐点_D    N
        主设定 D 0.0162*** -0.0023*** 0.001 3.59 3465
 门槛版 D_strict  0.0110** -0.0017*** 0.009 3.18 3465
只用世行 D_wbonly  0.0105**  -0.0015** 0.032 3.40 3465

已保存 output/tables/tab04_robustness.md
