# 脚本: 15_system_gmm
# 运行时间: 2026-09-23 11:54:09
# Python: 3.11.15
----------------------------------------------------------------------

===== H1：D：3747 个观测，118 国 =====
 Dynamic panel-data estimation, two-step system GMM
 Group variable: cid                              Number of obs = 3504     
 Time variable: year                              Min obs per group: 4     
 Number of instruments = 49                       Max obs per group: 32    
 Number of groups = 118                           Avg obs per group: 29.69 
+-----------+------------+---------------------+------------+-----------+-----+
|     g     |   coef.    | Corrected Std. Err. |     z      |   P>|z|   |     |
+-----------+------------+---------------------+------------+-----------+-----+
|    L1.g   | 0.1792510  |      0.1313498      | 1.3646845  | 0.1723522 |     |
|    Llny   | 0.0125396  |      0.0119361      | 1.0505581  | 0.2934616 |     |
|    Linv   | -0.0018742 |      0.0292542      | -0.0640664 | 0.9489174 |     |
|   Llnpop  | -0.0064227 |      0.0107516      | -0.5973677 | 0.5502619 |     |
|   Lpopg   | 0.1010829  |      0.3746825      | 0.2697829  | 0.7873273 |     |
|    Linf   | 0.0020748  |      0.0121695      | 0.1704958  | 0.8646203 |     |
|     zD    | -0.0002878 |      0.0059840      | -0.0480982 | 0.9616380 |     |
| year_1992 | 0.0066397  |      0.0116250      | 0.5711584  | 0.5678923 |     |
| year_1993 | 0.0059733  |      0.0116412      | 0.5131140  | 0.6078716 |     |
| year_1994 | -0.0045957 |      0.0145497      | -0.3158609 | 0.7521081 |     |
| year_1995 | 0.0365972  |      0.0133748      | 2.7362872  | 0.0062137 |  ** |
| year_1996 | 0.0295514  |      0.0144033      | 2.0517189  | 0.0401970 |  *  |
| year_1997 | 0.0213286  |      0.0137091      | 1.5558061  | 0.1197542 |     |
| year_1998 | 0.0184758  |      0.0157826      | 1.1706380  | 0.2417443 |     |
| year_1999 | 0.0137616  |      0.0157018      | 0.8764391  | 0.3807914 |     |
| year_2000 | 0.0184632  |      0.0149202      | 1.2374613  | 0.2159159 |     |
| year_2001 | 0.0167137  |      0.0154579      | 1.0812410  | 0.2795899 |     |
| year_2002 | 0.0201131  |      0.0167731      | 1.1991268  | 0.2304786 |     |
| year_2003 | 0.0284519  |      0.0151357      | 1.8797862  | 0.0601372 |     |
| year_2004 | 0.0477866  |      0.0182071      | 2.6246095  | 0.0086748 |  ** |
| year_2005 | 0.0344583  |      0.0185728      | 1.8553126  | 0.0635516 |     |
| year_2006 | 0.0379473  |      0.0179146      | 2.1182293  | 0.0341557 |  *  |
| year_2007 | 0.0363059  |      0.0179935      | 2.0177174  | 0.0436207 |  *  |
| year_2008 | 0.0252208  |      0.0184335      | 1.3682005  | 0.1712493 |     |
| year_2009 | -0.0079092 |      0.0174475      | -0.4533171 | 0.6503204 |     |
| year_2010 | 0.0333797  |      0.0146021      | 2.2859523  | 0.0222570 |  *  |
| year_2011 | 0.0257668  |      0.0158702      | 1.6235945  | 0.1044624 |     |
| year_2012 | 0.0139344  |      0.0205508      | 0.6780451  | 0.4977431 |     |
| year_2013 | 0.0136126  |      0.0166192      | 0.8190905  | 0.4127348 |     |
| year_2014 | 0.0192784  |      0.0162279      | 1.1879820  | 0.2348405 |     |
| year_2015 | 0.0052037  |      0.0163965      | 0.3173645  | 0.7509670 |     |
| year_2016 | 0.0103145  |      0.0165144      | 0.6245791  | 0.5322473 |     |
| year_2017 | 0.0114801  |      0.0162712      | 0.7055487  | 0.4804688 |     |
| year_2018 | 0.0102994  |      0.0166539      | 0.6184383  | 0.5362864 |     |
| year_2019 | 0.0053887  |      0.0157774      | 0.3415433  | 0.7326946 |     |
| year_2020 | -0.0577967 |      0.0154178      | -3.7486935 | 0.0001778 | *** |
| year_2021 | 0.0392145  |      0.0142630      | 2.7493903  | 0.0059706 |  ** |
| year_2022 | 0.0158741  |      0.0167254      | 0.9490988  | 0.3425704 |     |
| year_2023 | 0.0046136  |      0.0172109      | 0.2680650  | 0.7886493 |     |
|    _con   | -0.0985075 |      0.1026034      | -0.9600801 | 0.3370149 |     |
+-----------+------------+---------------------+------------+-----------+-----+
Hansen test of overid. restrictions: chi(9) = 16.189 Prob > Chi2 = 0.063
Arellano-Bond test for AR(1) in first differences: z = -2.82 Pr > z =0.005
Arellano-Bond test for AR(2) in first differences: z = 0.88 Pr > z =0.379


===== H2：D、C、D×C（2007–2020）：1534 个观测，112 国 =====
 Dynamic panel-data estimation, two-step system GMM
 Group variable: cid                              Number of obs = 1310     
 Time variable: year                              Min obs per group: 4     
 Number of instruments = 37                       Max obs per group: 12    
 Number of groups = 112                           Avg obs per group: 11.70 
+-----------+------------+---------------------+------------+-----------+-----+
|     g     |   coef.    | Corrected Std. Err. |     z      |   P>|z|   |     |
+-----------+------------+---------------------+------------+-----------+-----+
|    L1.g   | 0.1421321  |      0.2091304      | 0.6796340  | 0.4967362 |     |
|    Llny   | 0.0066390  |      0.0063853      | 1.0397367  | 0.2984622 |     |
|    Linv   | 0.0364579  |      0.0492835      | 0.7397588  | 0.4594463 |     |
|   Llnpop  | -0.0019955 |      0.0062559      | -0.3189878 | 0.7497358 |     |
|   Lpopg   | 0.5359036  |      0.3512999      | 1.5254874  | 0.1271376 |     |
|    Linf   | -0.0219074 |      0.0214377      | -1.0219124 | 0.3068224 |     |
|     zD    | 0.0026740  |      0.0107957      | 0.2476921  | 0.8043726 |     |
|     zC    | 0.0096442  |      0.0066863      | 1.4423752  | 0.1491966 |     |
|    zDC    | -0.0120585 |      0.0073399      | -1.6428576 | 0.1004124 |     |
| year_2009 | -0.0356188 |      0.0080553      | -4.4217710 | 0.0000098 | *** |
| year_2010 | 0.0066319  |      0.0111314      | 0.5957813  | 0.5513214 |     |
| year_2011 | -0.0101915 |      0.0095393      | -1.0683678 | 0.2853546 |     |
| year_2012 | -0.0103884 |      0.0070664      | -1.4701175 | 0.1415299 |     |
| year_2013 | -0.0147166 |      0.0073098      | -2.0132693 | 0.0440863 |  *  |
| year_2014 | -0.0112050 |      0.0084102      | -1.3323117 | 0.1827578 |     |
| year_2015 | -0.0193388 |      0.0102647      | -1.8840112 | 0.0595635 |     |
| year_2016 | -0.0143665 |      0.0090336      | -1.5903522 | 0.1117554 |     |
| year_2017 | -0.0115913 |      0.0089867      | -1.2898346 | 0.1971081 |     |
| year_2018 | -0.0120755 |      0.0089164      | -1.3542987 | 0.1756411 |     |
| year_2019 | -0.0179735 |      0.0099154      | -1.8126828 | 0.0698808 |     |
| year_2020 | -0.0843767 |      0.0125900      | -6.7018605 | 0.0000000 | *** |
|    _con   | -0.0389181 |      0.0525319      | -0.7408475 | 0.4587859 |     |
+-----------+------------+---------------------+------------+-----------+-----+
Hansen test of overid. restrictions: chi(15) = 47.825 Prob > Chi2 = 0.000
Arellano-Bond test for AR(1) in first differences: z = -1.51 Pr > z =0.132
Arellano-Bond test for AR(2) in first differences: z = 0.86 Pr > z =0.388


                    设定  N（GMM 实际使用）  国家数               L.增长          L.ln实际GDP                   D  工具数 AR(2) p Hansen p                  C                 D×C                诊断
                 H1：D         3504  118 0.1793<br>(0.1313) 0.0125<br>(0.0119) -0.0003<br>(0.0060)   49   0.379    0.063                                        未通过（工具可能无效，结果不可信）
H2：D、C、D×C（2007–2020）         1310  112 0.1421<br>(0.2091) 0.0066<br>(0.0064)  0.0027<br>(0.0108)   37   0.388    0.000 0.0096<br>(0.0067) -0.0121<br>(0.0073) 未通过（工具可能无效，结果不可信）
已保存 output/tables/tab05_system_gmm.md
