# 脚本: 16_inverted_u_checks
# 运行时间: 2026-09-23 12:29:05
# Python: 3.11.15
----------------------------------------------------------------------
A2–A4：
                  检验         D        D平方  D平方_p   拐点    N  国家数    通过
           基准（登记时已知） 0.0162*** -0.0023*** 0.0012 3.59 3465  117  True
         A2 剔除中东欧入盟国 0.0151*** -0.0021*** 0.0034 3.61 3166  107  True
A3 区域×年份 FE（替代年份 FE）   0.0085*    -0.0011 0.1058 3.79 3465  117 False
       A4 控制收入二次、三次项 0.0161*** -0.0023*** 0.0009 3.53 3465  117  True

A1 事件数：浅 61，深 134，涉及 105 国
A1 事件前联合检验：全部 p = 0.101（浅 p = 0.336，深 p = 0.074）→ 通过
事件后 0–4 年平均效应：浅 0.0041（SE 0.0137），深 -0.0009（SE 0.0046），差 0.0050（p = 0.739）

A5 领域分解（6 个领域概率同时进入）：
  领域      系数     SE     p 登记预测
  标准  0.0057 0.0083 0.491    无
  投资  0.0065 0.0064 0.313  ≥ 0
  服务  0.0080 0.0079 0.306  ≤ 0
  采购 -0.0108 0.0069 0.121  ≤ 0
  竞争  0.0070 0.0084 0.408  ≤ 0
知识产权 -0.0051 0.0071 0.468  ≥ 0

总判定：A1 通过；A2–A4 通过 2/3 → 倒 U 形 稳健
已保存 output/tables/tab06_inverted_u_checks.md、output/figures/fig04_event_study.png
