# 脚本: 19_build_geo
# 运行时间: 2026-09-23 12:32:24
# Python: 3.11.15
----------------------------------------------------------------------
  已下载 20/122
  已下载 40/122
  已下载 60/122
  已下载 80/122
  已下载 100/122
  已下载 120/122
下载失败的国家：[]
双边出口：509,602 行，出口国 120 个，伙伴 241 个，1990–2023
已保存 data/clean/geo_cy.csv：3,892 行，120 国
ISO3  year  GeoV  GeoC  n_partners
 CHN  2019 1.263 1.731       188.0
 MAR  2019 1.584 1.038       167.0
 MEX  2019 2.294 1.656       177.0
 POL  2019 0.291 0.644       183.0
 TUR  2019 0.951 1.183       183.0
 VNM  2019 1.687 1.404        78.0
              设定         D        D平方  D平方_p   拐点    N  国家数   通过  L_GeoV  L_GeoC
 基准（同一样本，不含 Geo） 0.0157*** -0.0022*** 0.0026 3.54 3405  117 True                
加入 L.GeoV、L.GeoC 0.0155*** -0.0022*** 0.0036 3.60 3405  117 True -0.0017 -0.0069
已保存 output/tables/tab09_geo_robustness.md
