# 脚本: 21_placebo_equivalence
# 运行时间: 2026-09-23 15:10:23
# Python: 3.11.15
----------------------------------------------------------------------
S1 安慰剂：从未生效、有内容编码的母协定 35 个，涉及 51 个国家
  发展中国家-年度中 L_Dpl > 0 的比例：4.62%
  安慰剂联合检验 p = 0.487；主设定 D² = -0.0022（p = 0.001）→ 安慰剂干净
S2 前导项联合检验 p = 0.149（N = 3240）→ 通过

S3/S4 等价性检验与 MDE：
               检验         系数     SE     p    N               区间90    MDE   SESOI 等价于0 敏感性：等价于0（±0.005）
       H2 D×C（增长）    -0.0010 0.0029 0.716 1514  [-0.0058, 0.0037] 0.0080 ±0.0025    否                否
  P2 γ3 节点后×P（增长）    -0.0001 0.0052 0.984  698  [-0.0086, 0.0084] 0.0144 ±0.0025    否                否
      P3 S×能力（增长）     0.0001 0.0023 0.969 1677  [-0.0037, 0.0039] 0.0065 ±0.0025    否                是
Y1 D_投资×C（KAOPEN）     0.0044 0.0087 0.614 1485  [-0.0100, 0.0188] 0.0245   ±0.02    是                 
     倒U D²（增长，参照） -0.0023*** 0.0007 0.001 3465 [-0.0034, -0.0011] 0.0019                              
P1 [年份 FE] 导数 = 0.318，区间 [-0.653, 1.178]，自助 p = 0.321 → 方向一致，不显著
P1 [区域×年份 FE] 导数 = 0.196，区间 [-11.708, 23.617]，自助 p = 0.802 → 方向一致，不显著

S5 第一族 Holm：
检验   原始p  Holm调整p
P2 0.984    1.000
P3 0.969    1.000
P1 0.321    0.962

S6 区域×年份 FE：
       检验  固定效应         系数     SE     p    N 通过
 倒 U 形 D²    年份 -0.0023*** 0.0007 0.001 3465  是
 倒 U 形 D² 区域×年份    -0.0011 0.0007 0.106 3465  否
H4 S_jump    年份   0.0043** 0.0020 0.033 1677  是
H4 S_jump 区域×年份     0.0014 0.0027 0.596 1677  否
已保存 output/tables/tab11_placebo_equivalence.md
