# 脚本: 22_spec_curve
# 运行时间: 2026-09-23 15:17:46
# Python: 3.11.15
----------------------------------------------------------------------
设定数 144；D²<0 且 p<0.05 的占比 24.3% → 判定：脆弱
D² 为负的占比 96.5%；D² 中位数 -0.0008；拐点中位数（仅支持的设定）3.65
 维度         选项  设定数 支持占比   D2中位数  p中位数
D口径          D   36  28% -0.0011 0.137
D口径   D_strict   36  25% -0.0007 0.234
D口径    D_loose   36  28% -0.0008 0.244
D口径   D_wbonly   36  17% -0.0007 0.271
 控制 Aizenman六项   48  25% -0.0005 0.405
 控制     +能力、hc   48  29% -0.0009 0.183
 控制 +能力、hc、Geo   48  19% -0.0009 0.211
 FE         年份   72  46% -0.0013 0.080
 FE      区域×年份   72   3% -0.0007 0.296
 样本      发展中国家   48  23% -0.0008 0.244
 样本   剔除中东欧入盟国   48  23% -0.0009 0.235
 样本       全部国家   48  27% -0.0007 0.206
 时期  1990–2023   72  49% -0.0013 0.050
 时期  1995–2019   72   0% -0.0007 0.296

探索性诊断（未登记）：时期
                     时期      D      D2  p_D2    N
          1990–2023（基准） 0.0162 -0.0023 0.001 3465
     1990–2019（去掉疫情及之后） 0.0177 -0.0024 0.002 3015
1995–2023（去掉 1990–1994） 0.0086 -0.0011 0.072 3115
 1990–2023 去掉 2020–2021 0.0165 -0.0023 0.002 3240
      1995–2019（登记的窄时期） 0.0098 -0.0012 0.106 2665
已保存 output/tables/tab12_spec_curve.md、output/figures/fig07_spec_curve.png
