# 脚本: 33_global_south_atlas
# 运行时间: 2026-09-23 17:01:02
# Python: 3.11.15
----------------------------------------------------------------------
核验：分解之和与 D_cy 的最大绝对差 = 6.00e-12
  年份  平均约束性深度 D（0–6） D ≥ 1 的国家占比 D ≥ 5.9（接近上限）的国家占比 只来自南南 只来自南北 南南南北重叠  南南深度均值  南北深度均值  其中：欧盟   美国  其他北方  南南中：纯发展中国家之间  南南中：含非传统高收入经济体
1995            2.47         73%                 6%   79%   13%     8%    2.15    0.52   0.42 0.05  0.05          2.04            0.11
2005            3.94         91%                21%   68%    3%    28%    3.80    1.25   0.86 0.39  0.33          3.43            0.89
2015            4.40         91%                39%   49%    4%    48%    4.24    2.25   1.50 0.67  1.27          3.77            1.80
2023            4.67         94%                43%   42%    5%    53%    4.43    2.72   2.04 0.67  1.50          3.80            3.10
   国家  D 1995  D 2005  D 2015  D 2023  首次 D ≥ 3  2023 南南  2023 南北 2023 主要北方伙伴模板
   中国     0.0     4.0     6.0     6.0      2004      5.0      6.0          其他北方
   越南     0.0     4.0     5.0     6.0      2001      5.0      6.0          其他北方
印度尼西亚     1.0     3.5     6.0     6.0      1998      5.5      6.0          其他北方
   印度     2.0     4.0     6.0     6.0      2005      6.0      4.0          其他北方
  墨西哥     6.0     6.0     6.0     6.0      1994      6.0      6.0            美国
   巴西     6.0     6.0     6.0     6.0      1991      6.0      0.0             —
   南非     0.5     5.0     5.0     5.0      2000      5.0      5.0            欧盟
  土耳其     3.0     6.0     6.0     6.0      1996      6.0      4.0            欧盟
  摩洛哥     0.8     4.6     6.0     6.0      1999      6.0      6.0            美国
   国家              技术标准                投资                服务              政府采购              竞争政策              知识产权
   中国 南南 1.00 / 南北 1.00 南南 1.00 / 南北 1.00 南南 1.00 / 南北 1.00 南南 0.00 / 南北 1.00 南南 1.00 / 南北 1.00 南南 1.00 / 南北 1.00
   越南 南南 1.00 / 南北 1.00 南南 1.00 / 南北 1.00 南南 1.00 / 南北 1.00 南南 0.00 / 南北 1.00 南南 1.00 / 南北 1.00 南南 1.00 / 南北 1.00
印度尼西亚 南南 1.00 / 南北 1.00 南南 1.00 / 南北 1.00 南南 1.00 / 南北 1.00 南南 0.51 / 南北 1.00 南南 1.00 / 南北 1.00 南南 1.00 / 南北 1.00
   印度 南南 1.00 / 南北 0.00 南南 1.00 / 南北 1.00 南南 1.00 / 南北 1.00 南南 1.00 / 南北 1.00 南南 1.00 / 南北 0.00 南南 1.00 / 南北 1.00
  墨西哥 南南 1.00 / 南北 1.00 南南 1.00 / 南北 1.00 南南 1.00 / 南北 1.00 南南 1.00 / 南北 1.00 南南 1.00 / 南北 1.00 南南 1.00 / 南北 1.00
   巴西 南南 1.00 / 南北 0.00 南南 1.00 / 南北 0.00 南南 1.00 / 南北 0.00 南南 1.00 / 南北 0.00 南南 1.00 / 南北 0.00 南南 1.00 / 南北 0.00
   南非 南南 1.00 / 南北 1.00 南南 1.00 / 南北 1.00 南南 1.00 / 南北 1.00 南南 0.00 / 南北 0.00 南南 1.00 / 南北 1.00 南南 1.00 / 南北 1.00
  土耳其 南南 1.00 / 南北 1.00 南南 1.00 / 南北 0.00 南南 1.00 / 南北 0.00 南南 1.00 / 南北 1.00 南南 1.00 / 南北 1.00 南南 1.00 / 南北 1.00
  摩洛哥 南南 1.00 / 南北 1.00 南南 1.00 / 南北 1.00 南南 1.00 / 南北 1.00 南南 1.00 / 南北 1.00 南南 1.00 / 南北 1.00 南南 1.00 / 南北 1.00
已保存 output/tables/tab23_global_south_atlas.md
