# 脚本: 35_ratification_expectations
# 运行时间: 2026-09-23 17:20:13
# Python: 3.11.15
----------------------------------------------------------------------
POLCON：186 个 ISO3，1800–2025
出口观测 431,221；D_pend > 0 10,186；F_early 3,648；F_late 12,037
基准：δ3 待生效 = 0.0210（p = 0.007）
 检验                内容        估计       SE      原始p  Holm调整p  判定
 H1         待生效 × 否决者  0.000197 0.008156 0.980687 1.000000 不支持
H2a    失败协定：签署后 1–3 年 -0.020943 0.039598 0.596876 1.000000 不支持
H2b 失败协定：≥4 年 − 1–3 年  0.114142 0.086248 0.185695 0.557085 不支持
 H3  等待 ≥1 年 − 等待 0 年  0.016518 0.009604 0.085439 0.341756 不支持
 H4   深协定 − 浅协定（每个领域）  0.031341 0.016623 0.059374 0.296869 不支持
     模型               变量      系数  SE（双向聚类）  p（双向聚类）  p（国家对聚类，参考）      N
 H1 否决者         L_D_pend  0.0222    0.0074    0.003        0.008 376741
 H1 否决者           L_veto  0.0171    0.0128    0.184        0.141 376741
 H1 否决者      L_pendXveto  0.0002    0.0082    0.981        0.969 376741
H2 失败协定         L_D_pend  0.0216    0.0074    0.003        0.006 431221
H2 失败协定          F_early -0.0209    0.0396    0.597        0.646 431221
H2 失败协定           F_late  0.0932    0.0898    0.299        0.210 431221
H3 等待时长     L_D_pend_new  0.0136    0.0083    0.104        0.070 431221
H3 等待时长     L_D_pend_old  0.0301    0.0097    0.002        0.003 431221
  H4 深度    L_D_pend_deep  0.0232    0.0080    0.004        0.004 431221
  H4 深度 L_D_pend_shallow -0.0081    0.0150    0.588        0.623 431221
探索性诊断（未登记）：
               诊断（未登记）      系数     p   观测数
      (a) 待生效：含欧盟成员的协定 -0.0015 0.911  2991
     (a) 待生效：不含欧盟成员的协定  0.0298 0.001  7205
(b) 签约前：将在 t 或 t+1 年签署  0.0136 0.507 17911
       (b) 同一模型中的待生效深度  0.0218 0.008 10186
已保存 output/tables/tab25_ratification_expectations.md
