# 脚本: 37_cn_corrections
# 运行时间: 2026-09-23 17:48:57
# Python: 3.11.15
----------------------------------------------------------------------
V0 原主设定 完成
V1 核对修正（中国—冰岛、南方共同市场） 完成
V2 = V1 + 服务按世行服务生效日（建议主口径） 完成
V3 = V2 − 南南区域多边协定（下界） 完成
V4 = V2 且南南只保留双边协定（最严格下界） 完成
                               0                      1                            2                       3                          4
口径                       V0 原主设定  V1 核对修正（中国—冰岛、南方共同市场）  V2 = V1 + 服务按世行服务生效日（建议主口径）  V3 = V2 − 南南区域多边协定（下界）  V4 = V2 且南南只保留双边协定（最严格下界）
D 1995                      2.47                   2.33                         2.29                    0.94                       0.92
D 2005                      3.94                   3.89                         3.82                    2.17                       1.93
D 2023                      4.67                    4.6                          4.6                    4.19                       3.21
只来自南北的比重                      5%                     5%                           5%                     10%                        42%
东亚：只来自南南                      4%                     4%                           4%                      0%                         0%
非洲：只来自南南                     75%                    75%                          75%                     70%                         5%
其他（非东亚）：只来自南南                46%                    45%                          45%                     40%                        18%
南南覆盖最弱的领域                   政府采购                   政府采购                         政府采购                    政府采购                       政府采购
南南·政府采购                     0.42                   0.38                         0.38                    0.28                        0.2
中国 D 2023                    6.0                    5.0                          5.0                     5.0                        5.0
中国·采购 南南/南北            0.00/1.00              0.00/0.00                    0.00/0.00               0.00/0.00                  0.00/0.00
巴西 D 1995/2005/2023  6.0/6.0/6.0            1.5/4.5/4.5                  1.5/4.5/4.5             0.5/4.2/4.4                0.5/1.5/1.5
已保存 output/tables/tab28_cn_corrections.md
