# 脚本: 40_variable_audit
# 运行时间: 2026-09-24 06:48:47
# Python: 3.11.15
----------------------------------------------------------------------
对照样本：120 国，1990–2023
         国家  GeoC  GeoC 排名   BAL  BAL 排名  s_US  s_CN
ISO3                                                
VNM      越南  1.43       31  0.88       5  0.32  0.37
MEX     墨西哥  1.57       20  0.17      81  0.83  0.08
MAR     摩洛哥  1.10       56  0.56      38  0.15  0.24
POL      波兰  0.66       98  0.75      14  0.20  0.09
IDN   印度尼西亚  1.41       33  0.33      60  0.12  0.63
IND      印度  1.77       10  0.62      27  0.24  0.53
CHN      中国  1.65       15  0.74      16  0.25  0.43
TUR     土耳其  1.18       44  0.67      22  0.19  0.36
{'GeoC 与 BAL': np.float64(0.45), 'GeoC 与本国立场的极端程度 |p−0.5|': np.float64(0.13), 'BAL 与本国立场的极端程度': np.float64(-0.22), 'GeoV 与本国立场的极端程度': np.float64(0.44)}
      GeoV  GeoC   BAL  s_US  s_CN
year                              
2010  0.97  1.03  0.66  0.10  0.21
2013  0.93  0.95  0.34  0.06  0.29
2015  0.83  1.03  0.24  0.06  0.42
2018  0.89  1.02  0.28  0.06  0.34
2021  0.89  1.23  0.37  0.09  0.38
2023  0.58  0.83  0.09  0.03  0.73
  年份  中国理想点  GeoV（原）  GeoV（中国立场固定在 2015 年）
2005  -0.72     1.90                  1.54
2015  -0.24     1.29                  1.29
2018  -0.51     1.45                  1.31
2023  -0.80     1.43                  1.12
  年份  国家数  rta 与约束性深度 D 的相关  Spearman
1995  103              0.32      0.27
2005  118              0.56      0.69
2015  117              0.56      0.82
2023  119              0.53      0.79
                   变量  发展中国家-年度  其中 2015 年后沿用末值                说明
  国家能力（Hanson-Sigman）      3846             939      2016 年以后为沿用值
     投资率（GMD，总固定资本形成）      3894               0 不区分公共与私人、住房与生产性投资
公共投资（IMF ICSD 2019 版）      3041               0    至 2017 年；117 国
私人投资（IMF ICSD 2019 版）      3041               0                同上
   私人固定资本形成占 GDP（WDI）      1772               0              80 国
已保存 output/tables/tab30_variable_audit.md、output/figures/audit_fig1_geo.png
