# 脚本: 42_geo_new_measures
# 运行时间: 2026-09-24 06:58:02
# Python: 3.11.15
----------------------------------------------------------------------
理想点覆盖到 2023 年；2023 年以后的贸易没有伙伴位置，不计算新变量
新变量：120 国，1990–2023，3,955 行
   国家 公认连接者  CONN  CONN 百分位  BRIDGE  BRIDGE 百分位  原 GeoC 百分位  出口到美国一侧  进口来自中国一侧
   越南     是  0.59      0.84    0.43        0.85        0.75     0.32      0.57
  墨西哥     是  0.47      0.69    0.52        0.96        0.84     0.83      0.32
   波兰     是  0.59      0.85    0.19        0.29        0.18     0.20      0.22
  摩洛哥        0.61      0.88    0.21        0.35        0.54     0.15      0.32
印度尼西亚        0.27      0.44    0.29        0.61        0.73     0.12      0.67
   印度        0.41      0.62    0.40        0.82        0.92     0.24      0.68
   中国        0.61      0.87    0.34        0.71        0.88     0.25      0.46
  土耳其        0.52      0.79    0.29        0.63        0.64     0.19      0.46
              标准                                                  结果 通过
        C1 认出连接者 最佳百分位 越南 0.85、墨西哥 0.96、波兰 0.85；平均 0.89 对原 GeoC 0.59  是
     C2 不随本国立场漂移                   GeoV_F 与立场极端程度相关 0.35；原 GeoV 0.44  是
C2b 中国 2015→2023                                  GeoV_F 0.44 → 0.40  是
C3 俄罗斯 2021→2023                 CONN 0.34 → 0.23；中国一侧份额 0.41 → 0.64  是
已保存 output/tables/tab31_geo_new_validity.md、output/figures/audit_fig2_new_geo.png
