# 脚本: 46_rcep_exploratory
# 运行时间: 2026-09-24 08:35:37
# Python: 3.11.15
----------------------------------------------------------------------
非中国一侧的成员（p > 1/3）： {'AUS': np.float64(0.59), 'JPN': np.float64(0.36), 'KOR': np.float64(0.43), 'NZL': np.float64(0.36)}
主样本：203 个经济体，33,127 个有方向国家对，2,387,903 行，2017-01–2025-12
缺席的 RCEP 成员： []
成员有方向对 181，其中 NEW 4，CROSS 80
D2021 标准化：均值 4.334，标准差 1.772；已有协定成员有方向对 177
基准（复现 H3）：
  0 复现登记 H3: RCEP×zD = -0.0661（0.0161），p = 0.000
X1 安慰剂（2017–2021，假设 2020-01 生效）：
  X1 安慰剂: RCEP×zD = -0.0387（0.0107），p = 0.000
X2 H3 与 H4 同时放入：
  RCEPxD: -0.0550（0.0169），p = 0.001
  RCEPxCROSS: -0.0648（0.0367），p = 0.077
  成员对中 D2021 与 CROSS 的相关：-0.033
X3 按 D2021 三分位：
  三分位 1（60 对）：+0.0384（0.0473），p = 0.417
  三分位 2（65 对）：-0.0648（0.0425），p = 0.127
  三分位 3（52 对）：-0.0378（0.0405），p = 0.350
  三分位切点：[4. 5.]
X4 H3 的替换：
  X4a 剔除中国—澳大利亚: RCEP×zD = -0.0666（0.0161），p = 0.000
  X4b 剔除东盟内部国家对: RCEP×zD = -0.0619（0.0171），p = 0.000
  X4c 镜像数据（出口方报告）: RCEP×zD = -0.0624（0.0154），p = 0.000
  X4d 延长到最新月份: RCEP×zD = -0.0699（0.0174），p = 0.000
X5 成员对的原有深度：
  最浅 10 对：    pair   D21  CROSS  asean_in
BRN_CHN 0.000      0         0
CHN_KHM 0.000      0         0
CHN_PHL 0.000      0         0
CHN_MYS 0.000      0         0
CHN_IDN 0.000      0         0
CHN_THA 0.000      0         0
CHN_VNM 0.000      0         0
KOR_THA 0.000      1         0
CHN_LAO 0.508      0         0
KHM_KOR 1.792      1         0
  最深 10 对：    pair  D21  CROSS  asean_in
AUS_NZL  6.0      0         0
BRN_JPN  6.0      1         0
BRN_VNM  6.0      0         1
JPN_SGP  6.0      1         0
JPN_VNM  6.0      1         0
AUS_SGP  6.0      1         0
SGP_VNM  6.0      0         1
BRN_SGP  6.0      0         1
BRN_NZL  6.0      1         0
NZL_SGP  6.0      1         0
X7 跨侧分组的安慰剂（2017–2021，假设 2020-01 生效）：
  X7 安慰剂：跨侧差值: -0.0118（0.0247），p = 0.632
  X7 安慰剂：跨侧 β + 交互: -0.0268（0.0284），p = 0.345
X6 交互事件研究（RCEP 成员对，zD × 相对年份，基期 −2 年；按季度会超出内存）：
 相对年份    zD交互     SE
   -5  0.0568 0.0200
   -4  0.0362 0.0112
   -3  0.0081 0.0087
   -2  0.0000 0.0000
   -1 -0.0123 0.0077
    0 -0.0164 0.0143
    1 -0.0493 0.0148
    2 -0.0784 0.0180
    3 -0.0677 0.0209
已写出 output/tables/tab34_rcep_exploratory.md
