# 脚本: 47_rcep_buffer_ddd
# 运行时间: 2026-09-24 08:58:01
# Python: 3.11.15
----------------------------------------------------------------------
非中国一侧的成员（p > 1/3）： {'AUS': np.float64(0.59), 'JPN': np.float64(0.36), 'KOR': np.float64(0.43), 'NZL': np.float64(0.36)}
主样本：203 个经济体，33,127 个有方向国家对，2,387,903 行，2017-01–2025-12
缺席的 RCEP 成员： []
成员有方向对 181，其中 NEW 4，CROSS 80
主样本（剔除无理想点的经济体后）：185 个经济体，28,670 个有方向国家对，2,124,715 行
W 侧（p > 1/3）经济体 52 个；跨侧有方向对 11,988
RCEP 成员跨侧有方向对 80，同侧 101
K3：中国—RCEP 内 W 侧成员有方向对 6
  K1: -0.0496（0.0364），p = 0.172
  K2: -0.0570（0.0215），p = 0.008
  β1 同侧成员: -0.0032（0.0352），p = 0.928
  β2 跨侧交互: -0.0464（0.0383），p = 0.225
  K3: -0.0041（0.0603），p = 0.946
前趋势（2017–2020 联合检验）：K1 p = 0.466，K2 p = 0.008，K3 p = 0.022
  年份      XS  XS_se    MEMX  MEMX_se    MEMS  MEMS_se    CHNM  CHNM_se
2017  0.0676 0.0226  0.0118   0.0443  0.0533   0.0440  0.0062   0.0665
2018  0.0435 0.0189  0.0237   0.0379  0.0376   0.0362  0.0113   0.0563
2019 -0.0032 0.0105  0.0177   0.0228 -0.0001   0.0264  0.0522   0.0224
2020 -0.0088 0.0097  0.0279   0.0207 -0.0244   0.0221  0.0506   0.0193
2021  0.0000 0.0000  0.0000   0.0000  0.0000   0.0000  0.0000   0.0000
2022  0.0062 0.0118 -0.0402   0.0270  0.0318   0.0334 -0.0208   0.0473
2023 -0.0322 0.0160 -0.0359   0.0290  0.0061   0.0315  0.0040   0.0566
2024 -0.0454 0.0175 -0.0467   0.0309 -0.0041   0.0303  0.0362   0.0614
2025 -0.0806 0.0290 -0.0212   0.0481 -0.0174   0.0419  0.1650   0.0993
检验      估计     SE    原始p  Holm调整p   前趋势p         判定
K1 -0.0496 0.0364 0.1724   0.3448 0.4663        不显著
K2 -0.0570 0.0215 0.0080   0.0240 0.0078 存在前趋势，不能解释
K3 -0.0041 0.0603 0.9464   0.9464 0.0224        不显著
稳健性：
  1 剔除美国 [K1]: -0.0844（0.0280），p = 0.003
  1 剔除美国 [K2]: -0.0226（0.0132），p = 0.086
  1 剔除美国 [K3]: -0.0968（0.0304），p = 0.001
  2 剔除中国参与的全部国家对 [K1]: +0.0219（0.0311），p = 0.481
  3 K3 包含中国—澳大利亚 [K3]: -0.0050（0.0601），p = 0.934
  4 POST = 2022-10 [K1]: -0.0519（0.0356），p = 0.145
  4 POST = 2022-10 [K2]: -0.0631（0.0213），p = 0.003
  4 POST = 2022-10 [K3]: -0.0174（0.0560），p = 0.756
  5 镜像数据 [K1]: -0.0166（0.0323），p = 0.607
  5 镜像数据 [K2]: -0.0800（0.0185），p = 0.000
  5 镜像数据 [K3]: +0.0117（0.0416），p = 0.778
  6 阵营阈值 p > 0.5 [K1]: +0.0572（0.0602），p = 0.342
  6 阵营阈值 p > 0.5 [K2]: -0.0220（0.0181），p = 0.225
  6 阵营阈值 p > 0.5 [K3]: +0.0944（0.0569），p = 0.097
已写出 output/tables/tab35_rcep_buffer.md、output/figures/rcep_fig2_buffer.png
