# 脚本: 48_depth_era_bloc
# 运行时间: 2026-09-25 11:41:41
# Python: 3.11.15
----------------------------------------------------------------------
主样本：401,030 行；出口方 120，进口方 191，有方向国家对 20,550；1991–2023；D > 0 占比 21.1%；跨侧占比 40.3%
W 侧（1990–2023 平均 p > 1/3）55 个经济体
  T0: +0.0163（0.0095），p = 0.086
  T1: -0.0079（0.0065），p = 0.224
  β_POST: +0.0084（0.0098），p = 0.392
  T2: +0.0046（0.0106），p = 0.665
  D_pre_s: +0.0331（0.0098），p = 0.001
  D_post_s: +0.0236（0.0093），p = 0.011
  D_pre_x: +0.0014（0.0152），p = 0.924
  D_post_x: -0.0035（0.0166），p = 0.834
前趋势：T1 趋势项 -0.00294（p = 0.000）；T2 跨侧 − 同侧趋势 +0.00280（p = 0.017）
       时期     同侧   同侧SE      跨侧   跨侧SE
1991–1995 0.0860 0.0223  0.0038 0.0256
1996–2000 0.0827 0.0164  0.0219 0.0182
2001–2005 0.0837 0.0120  0.0313 0.0199
2006–2010 0.0388 0.0109 -0.0133 0.0154
2011–2015 0.0217 0.0098  0.0001 0.0157
2016–2020 0.0274 0.0085 -0.0102 0.0159
2021–2023 0.0246 0.0104 -0.0003 0.0170
检验      估计     SE    原始p  Holm调整p  前趋势未通过  判定
T0  0.0163 0.0095 0.0862   0.2585   False 不显著
T1 -0.0079 0.0065 0.2239   0.4478    True 不显著
T2  0.0046 0.0106 0.6647   0.6647   False 不显著
稳健性：
  主模型: T0 +0.0163（p = 0.086）；T1 -0.0079（p = 0.224）；T2 +0.0046（p = 0.665）
  1a 断点 2018: T0 +0.0151（p = 0.106）；T1 -0.0065（p = 0.310）；T2 +0.0076（p = 0.469）
  1b 断点 2022: T0 +0.0114（p = 0.212）；T1 +0.0022（p = 0.739）；T2 +0.0112（p = 0.278）
  3 剔除中国参与的国家对: T0 +0.0107（p = 0.166）；T1 -0.0063（p = 0.358）；T2 +0.0001（p = 0.995）
  4 剔除 2020–2021: T0 +0.0171（p = 0.076）；T1 -0.0063（p = 0.314）；T2 +0.0044（p = 0.661）
  5 阵营阈值 p > 0.5: T0 +0.0163（p = 0.086）；T1 -0.0079（p = 0.224）；T2 +0.0182（p = 0.040）
  6 加入 L_D²（仅 T0/T1 模型）: T0 +0.0433（p = 0.080）；T1 -0.0068（p = 0.285）；T2 +0.0046（p = 0.665）
  7 只保留深度变化过的国家对: T0 +0.0319（p = 0.000）；T1 -0.0451（p = 0.000）；T2 -0.0298（p = 0.025）
  2 发展中国家报告的进口: T0 +0.0317（p = 0.000）；T1 -0.0083（p = 0.187）；T2 -0.0077（p = 0.440）
已写出 output/tables/tab36_depth_era_bloc.md、output/figures/era_fig1_depth_by_period.png
