# 脚本: 50_growth_linkage
# 运行时间: 2026-09-25 11:52:44
# Python: 3.11.15
----------------------------------------------------------------------
伙伴增长覆盖 120 国；估计样本（含全部控制变量后）见各模型 N
              gP         gN         gS        sCN
count  3838.0000  3838.0000  3838.0000  3838.0000
mean      0.0287     0.0089     0.0197     0.0625
std       0.0236     0.0113     0.0205     0.1192
min      -0.1777    -0.0702    -0.1791     0.0000
25%       0.0208     0.0034     0.0089     0.0037
50%       0.0304     0.0086     0.0179     0.0158
75%       0.0408     0.0153     0.0302     0.0641
max       0.1841     0.0598     0.1804     0.9438
  L1: +0.6285（0.1415），p = 0.000，N = 3565；区域×年份 FE +0.3055（p = 0.012）
  L2: +0.2250（0.0987），p = 0.023，N = 3565；区域×年份 FE +0.2644（p = 0.008）
  L3: -0.1814（0.2540），p = 0.475，N = 3565；区域×年份 FE -0.2113（p = 0.355）
  L4: +0.5955（0.1416），p = 0.000，N = 3565；区域×年份 FE +0.2774（p = 0.019）
  L5: -0.0298（0.3251），p = 0.927，N = 3565；区域×年份 FE +0.2496（p = 0.515）
  辅助 L3 1991–2000 θ: +0.7288（0.2234），p = 0.001，90% 区间 [+0.3612, +1.0964]
  辅助 L3 2001–2023 θ: +0.5474（0.1524），p = 0.000，90% 区间 [+0.2967, +0.7980]
  辅助 L4 θ_N（北方伙伴）: +1.0395（0.2081），p = 0.000，90% 区间 [+0.6971, +1.3818]
  辅助 L4 θ_S − θ_N: -0.4440（0.2129），p = 0.037，90% 区间 [-0.7943, -0.0937]
  置换 50/200
  置换 100/200
  置换 150/200
  置换 200/200
置换分布：均值 +0.0029，第 95 百分位 +0.0990；真实 θ +0.6285 → 通过
检验      估计     SE    原始p  Holm调整p  区域年份FE估计  区域年份FE_p   判定
L1  0.6285 0.1415 0.0000   0.0000    0.3055    0.0117 稳健支持
L2  0.2250 0.0987 0.0226   0.0678    0.2644    0.0076  不显著
L3 -0.1814 0.2540 0.4751   0.9502   -0.2113    0.3554  不显著
L4  0.5955 0.1416 0.0000   0.0001    0.2774    0.0186 稳健支持
L5 -0.0298 0.3251 0.9269   0.9502    0.2496    0.5155  不显著
稳健性：
  1 固定基期权重（1990–1994）: L1 +0.8846（p = 0.000）；L2 +0.1690（p = 0.042）；L3 -0.3321（p = 0.194）；L4 +0.9372（p = 0.000）；L5 -0.3840（p = 0.594）
  2 进出口合计权重: L1 +0.8384（p = 0.000）；L2 +0.2268（p = 0.041）；L3 -0.0439（p = 0.891）；L4 +0.7887（p = 0.000）；L5 -0.5537（p = 0.295）
  3 伙伴增长滞后一期: L1 +0.2027（p = 0.211）；L2 +0.1196（p = 0.072）；L3 -0.1543（p = 0.553）；L4 +0.2176（p = 0.193）；L5 -0.4239（p = 0.233）
  4 剔除 2009、2020 年: L1 +0.5726（p = 0.000）；L2 +0.2659（p = 0.096）；L3 -0.3364（p = 0.179）；L4 +0.5623（p = 0.000）；L5 -0.3576（p = 0.366）
  5 剔除中国: L1 +0.6295（p = 0.000）；L2 +0.2216（p = 0.025）；L3 -0.1854（p = 0.467）；L4 +0.5964（p = 0.000）；L5 -0.0457（p = 0.890）
  6 只用区域外伙伴: L1 +0.1986（p = 0.045）
已写出 output/tables/tab38_growth_linkage.md
