# 脚本: 52_linkage_paper_figures
# 运行时间: 2026-09-25 12:14:11
# Python: 3.11.15
----------------------------------------------------------------------
伙伴增长覆盖 120 国；估计样本（含全部控制变量后）见各模型 N
              gP         gN         gS        sCN
count  3838.0000  3838.0000  3838.0000  3838.0000
mean      0.0287     0.0089     0.0197     0.0625
std       0.0236     0.0113     0.0205     0.1192
min      -0.1777    -0.0702    -0.1791     0.0000
25%       0.0208     0.0034     0.0089     0.0037
50%       0.0304     0.0086     0.0179     0.0158
75%       0.0408     0.0153     0.0302     0.0641
max       0.1841     0.0598     0.1804     0.9438
  L1: +0.6285（0.1415），p = 0.000，N = 3565；区域×年份 FE +0.3055（p = 0.012）
  L2: +0.2250（0.0987），p = 0.023，N = 3565；区域×年份 FE +0.2644（p = 0.008）
  L3: -0.1814（0.2540），p = 0.475，N = 3565；区域×年份 FE -0.2113（p = 0.355）
  L4: +0.5955（0.1416），p = 0.000，N = 3565；区域×年份 FE +0.2774（p = 0.019）
  L5: -0.0298（0.3251），p = 0.927，N = 3565；区域×年份 FE +0.2496（p = 0.515）
  辅助 L3 1991–2000 θ: +0.7288（0.2234），p = 0.001，90% 区间 [+0.3612, +1.0964]
  辅助 L3 2001–2023 θ: +0.5474（0.1524），p = 0.000，90% 区间 [+0.2967, +0.7980]
  辅助 L4 θ_N（北方伙伴）: +1.0395（0.2081），p = 0.000，90% 区间 [+0.6971, +1.3818]
  辅助 L4 θ_S − θ_N: -0.4440（0.2129），p = 0.037，90% 区间 [-0.7943, -0.0937]
             变量       (1)       (2)       (3)       (4)       (5)       (6)
     伙伴加权增长 g^P  0.629***   0.305**                      0.552***          
                  (0.142)   (0.121)                       (0.132)          
     南方伙伴增长 g^S                      0.595***   0.277**                    
                                      (0.142)   (0.118)                    
     北方伙伴增长 g^N                      1.039***  0.739***                    
                                      (0.208)   (0.233)                    
       开放度（标准化）                                            -0.008          
                                                          (0.006)          
      g^P × 开放度                                           0.225**          
                                                          (0.099)          
g^P × 1991–2000                                                    0.729***
                                                                    (0.223)
g^P × 2001–2023                                                    0.547***
                                                                    (0.152)
       增长率（t−1）     0.116     0.105     0.117     0.106     0.114     0.115
                  (0.096)   (0.095)   (0.096)   (0.094)   (0.095)   (0.096)
 ln 实际 GDP（t−1） -0.070*** -0.081*** -0.071*** -0.081*** -0.071*** -0.070***
                  (0.013)   (0.015)   (0.013)   (0.015)   (0.013)   (0.013)
       投资率（t−1）  0.115***  0.110***  0.115***  0.109***  0.119***  0.115***
                  (0.030)   (0.030)   (0.030)   (0.030)   (0.031)   (0.030)
     ln 人口（t−1）    0.026*   0.060**    0.029*   0.061**     0.024    0.029*
                  (0.016)   (0.027)   (0.016)   (0.028)   (0.016)   (0.015)
      人口增长（t−1）     0.164     0.118     0.168     0.123     0.174     0.162
                  (0.267)   (0.268)   (0.267)   (0.269)   (0.268)   (0.267)
        通胀（t−1） -0.026*** -0.027*** -0.026*** -0.027*** -0.025*** -0.026***
                  (0.008)   (0.008)   (0.008)   (0.008)   (0.008)   (0.008)
      协定数量（t−1）     0.000    -0.000     0.000    -0.000     0.000     0.000
                  (0.000)   (0.000)   (0.000)   (0.000)   (0.000)   (0.000)
      θ_S − θ_N                      -0.444**  -0.462**                    
          国家 FE         是         是         是         是         是         是
          年份 FE         是         否         是         否         是         是
       区域×年份 FE         否         是         否         是         否         否
            观测数     3,565     3,565     3,565     3,565     3,565     3,565
            国家数       117       117       117       117       117       117
已写出 output/tables/tab40_linkage_descriptives.md、output/tables/tab41_linkage_main.md、lk_fig1_source_shift.png、lk_fig2_coefficients.png、lk_fig3_robustness.png、lk_fig4_conditions.png
