# 脚本: 53_south_multisource
# 运行时间: 2026-09-25 12:13:44
# Python: 3.11.15
----------------------------------------------------------------------
伙伴增长覆盖 120 国；估计样本（含全部控制变量后）见各模型 N
              gP         gN         gS        sCN
count  3838.0000  3838.0000  3838.0000  3838.0000
mean      0.0287     0.0089     0.0197     0.0625
std       0.0236     0.0113     0.0205     0.1192
min      -0.1777    -0.0702    -0.1791     0.0000
25%       0.0208     0.0034     0.0089     0.0037
50%       0.0304     0.0086     0.0179     0.0158
75%       0.0408     0.0153     0.0302     0.0641
max       0.1841     0.0598     0.1804     0.9438
  L1: +0.6285（0.1415），p = 0.000，N = 3565；区域×年份 FE +0.3055（p = 0.012）
  L2: +0.2250（0.0987），p = 0.023，N = 3565；区域×年份 FE +0.2644（p = 0.008）
  L3: -0.1814（0.2540），p = 0.475，N = 3565；区域×年份 FE -0.2113（p = 0.355）
  L4: +0.5955（0.1416），p = 0.000，N = 3565；区域×年份 FE +0.2774（p = 0.019）
  L5: -0.0298（0.3251），p = 0.927，N = 3565；区域×年份 FE +0.2496（p = 0.515）
  辅助 L3 1991–2000 θ: +0.7288（0.2234），p = 0.001，90% 区间 [+0.3612, +1.0964]
  辅助 L3 2001–2023 θ: +0.5474（0.1524），p = 0.000，90% 区间 [+0.2967, +0.7980]
  辅助 L4 θ_N（北方伙伴）: +1.0395（0.2081），p = 0.000，90% 区间 [+0.6971, +1.3818]
  辅助 L4 θ_S − θ_N: -0.4440（0.2129），p = 0.037，90% 区间 [-0.7943, -0.0937]
—— 以上为脚本 50 的数据构造与第十二轮结果的复现；以下为第十三轮 ——
最大南方伙伴的分布（国家-年度占比，前 8）：
top
CHN    0.194
IND    0.073
RUS    0.071
ZAF    0.061
BRA    0.047
TUR    0.033
ARE    0.031
SGP    0.031
最大南方伙伴的平均出口份额 0.178；对华份额平均 0.062
  M1: gS_noCN = +0.6391（0.1639），p = 0.0001，N = 3565；区域×年份 FE +0.2983（p = 0.0325）
  M2: gS_noTOP = +0.9356（0.2140），p = 0.0000，N = 3565；区域×年份 FE +0.5114（p = 0.0196）
    M1：gS_noCN: +0.6391（0.1639），p = 0.000；区域×年份 FE +0.2983（p = 0.033）
    M1：gCN: +0.2597（0.2219），p = 0.242；区域×年份 FE +0.1534（p = 0.521）
    M1：gN: +1.0073（0.2058），p = 0.000；区域×年份 FE +0.7295（p = 0.002）
    M2：gS_noTOP: +0.9356（0.2140），p = 0.000；区域×年份 FE +0.5114（p = 0.020）
    M2：gTOP: +0.3401（0.1488），p = 0.022；区域×年份 FE +0.1241（p = 0.300）
    M2：gN: +1.0468（0.2051），p = 0.000；区域×年份 FE +0.7578（p = 0.001）
检验     估计     SE    原始p  Holm调整p  区域年份FE估计  区域年份FE_p   判定
M1 0.6391 0.1639 0.0001   0.0001    0.2983    0.0325 稳健支持
M2 0.9356 0.2140 0.0000   0.0000    0.5114    0.0196 稳健支持
稳健性：
  1 伙伴集合去掉中国并重新归一: gS = +0.6114（p = 0.000）
  2 同时把中国从样本国中去掉: gS = +0.6106（p = 0.000）
  3a 固定基期权重：M1: gS_noCN = +0.9488（p = 0.000）
  3b 固定基期权重：M2: gS_noTOP = +0.9592（p = 0.000）
               gN  gS_noCN     gCN    北方贡献  其他南方贡献    中国贡献    北方占比  其他南方占比    中国占比
时期                                                                                
1991–2000  0.0149   0.0105  0.0020  0.0150  0.0067  0.0005  0.6758  0.3013  0.0230
2001–2010  0.0073   0.0189  0.0051  0.0074  0.0121  0.0013  0.3549  0.5817  0.0634
2011–2023  0.0062   0.0151  0.0062  0.0063  0.0097  0.0016  0.3586  0.5503  0.0911
已写出 output/tables/tab42_south_multisource.md
