# 脚本: 54_hierarchy_common_shocks
# 运行时间: 2026-09-25 12:39:50
# Python: 3.11.15
----------------------------------------------------------------------
伙伴增长覆盖 120 国；估计样本（含全部控制变量后）见各模型 N
              gP         gN         gS        sCN
count  3838.0000  3838.0000  3838.0000  3838.0000
mean      0.0287     0.0089     0.0197     0.0625
std       0.0236     0.0113     0.0205     0.1192
min      -0.1777    -0.0702    -0.1791     0.0000
25%       0.0208     0.0034     0.0089     0.0037
50%       0.0304     0.0086     0.0179     0.0158
75%       0.0408     0.0153     0.0302     0.0641
max       0.1841     0.0598     0.1804     0.9438
  L1: +0.6285（0.1415），p = 0.000，N = 3565；区域×年份 FE +0.3055（p = 0.012）
  L2: +0.2250（0.0987），p = 0.023，N = 3565；区域×年份 FE +0.2644（p = 0.008）
  L3: -0.1814（0.2540），p = 0.475，N = 3565；区域×年份 FE -0.2113（p = 0.355）
  L4: +0.5955（0.1416），p = 0.000，N = 3565；区域×年份 FE +0.2774（p = 0.019）
  L5: -0.0298（0.3251），p = 0.927，N = 3565；区域×年份 FE +0.2496（p = 0.515）
  辅助 L3 1991–2000 θ: +0.7288（0.2234），p = 0.001，90% 区间 [+0.3612, +1.0964]
  辅助 L3 2001–2023 θ: +0.5474（0.1524），p = 0.000，90% 区间 [+0.2967, +0.7980]
  辅助 L4 θ_N（北方伙伴）: +1.0395（0.2081），p = 0.000，90% 区间 [+0.6971, +1.3818]
  辅助 L4 θ_S − θ_N: -0.4440（0.2129），p = 0.037，90% 区间 [-0.7943, -0.0937]
—— 以上为脚本 50 的数据构造；以下为第十四轮 ——
CTOT：180 个经济体，1985–2025
VIX 年均值：1990–2026；美国利率缺失年份：0
加入控制后的共同样本：3329 个观测，113 国（第十二轮为 3,565 / 117）
  加入控制（主）: E1 -0.3977（0.2145，p = 0.064）；E2 +0.5181（0.1491，p = 0.001）；E3 +0.5533（0.1471，p = 0.000）；θ_N +0.9158（0.1871，p = 0.000）；N = 3329
  加入控制（区域×年份 FE）: E1 -0.4065（0.2117，p = 0.055）；E2 +0.1367（0.1055，p = 0.195）；E3 +0.1653（0.1064，p = 0.120）；θ_N +0.5432（0.2039，p = 0.008）；N = 3329
  同一样本、不加控制: E1 -0.3899（0.2164，p = 0.072）；E2 +0.5287（0.1511，p = 0.000）；E3 +0.5628（0.1485，p = 0.000）；θ_N +0.9186（0.1846，p = 0.000）；N = 3329
  同一样本、不加控制（区域×年份 FE）: E1 -0.4052（0.2139，p = 0.058）；E2 +0.1369（0.1083，p = 0.206）；E3 +0.1652（0.1087，p = 0.128）；θ_N +0.5421（0.2012，p = 0.007）；N = 3329
  第十二轮全样本、不加控制: E1 -0.4440（0.2129，p = 0.037）；E2 +0.5955（0.1416，p = 0.000）；E3 +0.6285（0.1415，p = 0.000）；θ_N +1.0395（0.2081，p = 0.000）；N = 3565
主模型中控制变量的系数：
  dCTOT: +0.0047（0.0360），p = 0.897
  VIXxKA: -0.0115（0.0099），p = 0.246
  iUSxKA: +0.0018（0.0018），p = 0.319
  KA: +0.0299（0.0326），p = 0.360
检验      估计     SE    原始p  Holm调整p  区域年份FE估计  区域年份FE_p  同样本不加控制                判定
E1 -0.3977 0.2145 0.0638   0.0638   -0.4065    0.0549  -0.3899               不显著
E2  0.5181 0.1491 0.0005   0.0010    0.1367    0.1949   0.5287 支持（区域×年份 FE 下不成立）
E3  0.5533 0.1471 0.0002   0.0005    0.1653    0.1203   0.5628 支持（区域×年份 FE 下不成立）
              稳健性    FE  θ_S − θ_N     SE      p    θ_S  θ_S_p      θ    θ_p    N
      1 CTOT 滚动权重    年份    -0.3964 0.2140 0.0640 0.5180 0.0005 0.5531 0.0002 3329
      1 CTOT 滚动权重 区域×年份    -0.4047 0.2122 0.0564 0.1367 0.1955 0.1651 0.1207 3329
2 ΔlnVIX 代替 lnVIX    年份    -0.4060 0.2161 0.0603 0.5211 0.0005 0.5574 0.0002 3329
2 ΔlnVIX 代替 lnVIX 区域×年份    -0.4053 0.2115 0.0553 0.1354 0.1987 0.1639 0.1225 3329
         3 美国长期利率    年份    -0.4025 0.2150 0.0612 0.5132 0.0005 0.5493 0.0002 3329
         3 美国长期利率 区域×年份    -0.4031 0.2135 0.0590 0.1373 0.1807 0.1662 0.1089 3329
      4a 只加大宗商品控制    年份    -0.4364 0.2181 0.0454 0.6186 0.0000 0.6509 0.0000 3515
      4a 只加大宗商品控制 区域×年份    -0.4377 0.2226 0.0492 0.2764 0.0232 0.3016 0.0160 3515
      4b 只加金融周期控制    年份    -0.4111 0.2105 0.0508 0.5022 0.0005 0.5391 0.0002 3356
      4b 只加金融周期控制 区域×年份    -0.4396 0.2070 0.0337 0.1332 0.1964 0.1662 0.1104 3356
已写出 output/tables/tab43_hierarchy_common_shocks.md
