# 脚本: 55_linkage_sample_diagnostic
# 运行时间: 2026-09-25 12:40:56
# Python: 3.11.15
----------------------------------------------------------------------
伙伴增长覆盖 120 国；估计样本（含全部控制变量后）见各模型 N
              gP         gN         gS        sCN
count  3838.0000  3838.0000  3838.0000  3838.0000
mean      0.0287     0.0089     0.0197     0.0625
std       0.0236     0.0113     0.0205     0.1192
min      -0.1777    -0.0702    -0.1791     0.0000
25%       0.0208     0.0034     0.0089     0.0037
50%       0.0304     0.0086     0.0179     0.0158
75%       0.0408     0.0153     0.0302     0.0641
max       0.1841     0.0598     0.1804     0.9438
  L1: +0.6285（0.1415），p = 0.000，N = 3565；区域×年份 FE +0.3055（p = 0.012）
  L2: +0.2250（0.0987），p = 0.023，N = 3565；区域×年份 FE +0.2644（p = 0.008）
  L3: -0.1814（0.2540），p = 0.475，N = 3565；区域×年份 FE -0.2113（p = 0.355）
  L4: +0.5955（0.1416），p = 0.000，N = 3565；区域×年份 FE +0.2774（p = 0.019）
  L5: -0.0298（0.3251），p = 0.927，N = 3565；区域×年份 FE +0.2496（p = 0.515）
  辅助 L3 1991–2000 θ: +0.7288（0.2234），p = 0.001，90% 区间 [+0.3612, +1.0964]
  辅助 L3 2001–2023 θ: +0.5474（0.1524），p = 0.000，90% 区间 [+0.2967, +0.7980]
  辅助 L4 θ_N（北方伙伴）: +1.0395（0.2081），p = 0.000，90% 区间 [+0.6971, +1.3818]
  辅助 L4 θ_S − θ_N: -0.4440（0.2129），p = 0.037，90% 区间 [-0.7943, -0.0937]
                 样本    FE    N                 θ               θ_S         θ_S − θ_N
            第十二轮全样本    年份 3565 +0.629（p = 0.000） +0.595（p = 0.000） -0.444（p = 0.037）
            第十二轮全样本 区域×年份 3565 +0.305（p = 0.012） +0.277（p = 0.019） -0.462（p = 0.034）
        剔除冲突国家（5 国）    年份 3423 +0.568（p = 0.000） +0.536（p = 0.000） -0.432（p = 0.029）
        剔除冲突国家（5 国） 区域×年份 3423 +0.299（p = 0.008） +0.276（p = 0.013） -0.380（p = 0.063）
剔除转型经济体 1991–1996 年    年份 3448 +0.520（p = 0.000） +0.480（p = 0.000） -0.459（p = 0.030）
剔除转型经济体 1991–1996 年 区域×年份 3448 +0.144（p = 0.174） +0.113（p = 0.272） -0.461（p = 0.040）
              两者都剔除    年份 3306 +0.468（p = 0.000） +0.427（p = 0.000） -0.475（p = 0.011）
              两者都剔除 区域×年份 3306 +0.146（p = 0.158） +0.119（p = 0.254） -0.393（p = 0.060）
     只用 1997–2023 年    年份 2982 +0.572（p = 0.000） +0.516（p = 0.000） -0.540（p = 0.009）
     只用 1997–2023 年 区域×年份 2982 +0.236（p = 0.044） +0.190（p = 0.091） -0.525（p = 0.023）
已写出 output/tables/tab44_linkage_sample_diagnostic.md
