# 脚本: 56_conservative_linkage
# 运行时间: 2026-09-25 12:49:10
# Python: 3.11.15
----------------------------------------------------------------------
伙伴增长覆盖 120 国；估计样本（含全部控制变量后）见各模型 N
              gP         gN         gS        sCN
count  3838.0000  3838.0000  3838.0000  3838.0000
mean      0.0287     0.0089     0.0197     0.0625
std       0.0236     0.0113     0.0205     0.1192
min      -0.1777    -0.0702    -0.1791     0.0000
25%       0.0208     0.0034     0.0089     0.0037
50%       0.0304     0.0086     0.0179     0.0158
75%       0.0408     0.0153     0.0302     0.0641
max       0.1841     0.0598     0.1804     0.9438
  L1: +0.6285（0.1415），p = 0.000，N = 3565；区域×年份 FE +0.3055（p = 0.012）
  L2: +0.2250（0.0987），p = 0.023，N = 3565；区域×年份 FE +0.2644（p = 0.008）
  L3: -0.1814（0.2540），p = 0.475，N = 3565；区域×年份 FE -0.2113（p = 0.355）
  L4: +0.5955（0.1416），p = 0.000，N = 3565；区域×年份 FE +0.2774（p = 0.019）
  L5: -0.0298（0.3251），p = 0.927，N = 3565；区域×年份 FE +0.2496（p = 0.515）
  辅助 L3 1991–2000 θ: +0.7288（0.2234），p = 0.001，90% 区间 [+0.3612, +1.0964]
  辅助 L3 2001–2023 θ: +0.5474（0.1524），p = 0.000，90% 区间 [+0.2967, +0.7980]
  辅助 L4 θ_N（北方伙伴）: +1.0395（0.2081），p = 0.000，90% 区间 [+0.6971, +1.3818]
  辅助 L4 θ_S − θ_N: -0.4440（0.2129），p = 0.037，90% 区间 [-0.7943, -0.0937]
—— 以上为脚本 50 的数据构造；以下为第十五轮 ——
样本：2982 个观测，117 国，1997–2023
C1：θ_OUT = +0.3189（0.1058），p = 0.0026，95% 区间 [+0.111, +0.526]，N = 2982 → 支持
  辅助 θ_S,OUT（区域×年份 FE）: +0.2943（0.0987），p = 0.003
  辅助 θ_N,OUT（区域×年份 FE）: +0.6386（0.2528），p = 0.012
  辅助 θ_OUT（国家 + 年份 FE）: +0.1699（0.1022），p = 0.097
区域外伙伴加权增长中南方的份额（描述）： {False: 0.399, True: 0.707}
已写出 output/tables/tab45_conservative_linkage.md
